Archive member included to satisfy reference by file (symbol)

app/libapp.a(main.c.obj)      (--whole-archive)
zephyr/libzephyr.a(cbprintf_packaged.c.obj)
                              (--whole-archive)
zephyr/libzephyr.a(dec.c.obj)
                              (--whole-archive)
zephyr/libzephyr.a(fdtable.c.obj)
                              (--whole-archive)
zephyr/libzephyr.a(hex.c.obj)
                              (--whole-archive)
zephyr/libzephyr.a(printk.c.obj)
                              (--whole-archive)
zephyr/libzephyr.a(rb.c.obj)  (--whole-archive)
zephyr/libzephyr.a(sem.c.obj)
                              (--whole-archive)
zephyr/libzephyr.a(thread_entry.c.obj)
                              (--whole-archive)
zephyr/libzephyr.a(timeutil.c.obj)
                              (--whole-archive)
zephyr/libzephyr.a(heap.c.obj)
                              (--whole-archive)
zephyr/libzephyr.a(heap-validate.c.obj)
                              (--whole-archive)
zephyr/libzephyr.a(bitarray.c.obj)
                              (--whole-archive)
zephyr/libzephyr.a(multi_heap.c.obj)
                              (--whole-archive)
zephyr/libzephyr.a(onoff.c.obj)
                              (--whole-archive)
zephyr/libzephyr.a(notify.c.obj)
                              (--whole-archive)
zephyr/libzephyr.a(cbprintf_complete.c.obj)
                              (--whole-archive)
zephyr/libzephyr.a(assert.c.obj)
                              (--whole-archive)
zephyr/libzephyr.a(mpsc_pbuf.c.obj)
                              (--whole-archive)
zephyr/libzephyr.a(reboot.c.obj)
                              (--whole-archive)
zephyr/libzephyr.a(configs.c.obj)
                              (--whole-archive)
zephyr/libzephyr.a(soc_nrf_common.S.obj)
                              (--whole-archive)
zephyr/libzephyr.a(validate_base_addresses.c.obj)
                              (--whole-archive)
zephyr/libzephyr.a(validate_enabled_instances.c.obj)
                              (--whole-archive)
zephyr/libzephyr.a(log_core.c.obj)
                              (--whole-archive)
zephyr/libzephyr.a(log_mgmt.c.obj)
                              (--whole-archive)
zephyr/libzephyr.a(log_cache.c.obj)
                              (--whole-archive)
zephyr/libzephyr.a(log_msg.c.obj)
                              (--whole-archive)
zephyr/libzephyr.a(log_output.c.obj)
                              (--whole-archive)
zephyr/libzephyr.a(log_backend_rtt.c.obj)
                              (--whole-archive)
zephyr/libzephyr.a(log_backend_uart.c.obj)
                              (--whole-archive)
zephyr/libzephyr.a(tracing_none.c.obj)
                              (--whole-archive)
zephyr/libzephyr.a(nrf_cc3xx_platform_abort_zephyr.c.obj)
                              (--whole-archive)
zephyr/libzephyr.a(nrf_cc3xx_platform_mutex_zephyr.c.obj)
                              (--whole-archive)
zephyr/arch/common/libarch__common.a(sw_isr_common.c.obj)
                              (--whole-archive)
zephyr/arch/arch/arm/core/aarch32/libarch__arm__core__aarch32.a(cpu_idle.S.obj)
                              (--whole-archive)
zephyr/arch/arch/arm/core/aarch32/libarch__arm__core__aarch32.a(fatal.c.obj)
                              (--whole-archive)
zephyr/arch/arch/arm/core/aarch32/libarch__arm__core__aarch32.a(irq_manage.c.obj)
                              (--whole-archive)
zephyr/arch/arch/arm/core/aarch32/libarch__arm__core__aarch32.a(nmi.c.obj)
                              (--whole-archive)
zephyr/arch/arch/arm/core/aarch32/libarch__arm__core__aarch32.a(nmi_on_reset.S.obj)
                              (--whole-archive)
zephyr/arch/arch/arm/core/aarch32/libarch__arm__core__aarch32.a(prep_c.c.obj)
                              (--whole-archive)
zephyr/arch/arch/arm/core/aarch32/libarch__arm__core__aarch32.a(swap.c.obj)
                              (--whole-archive)
zephyr/arch/arch/arm/core/aarch32/libarch__arm__core__aarch32.a(swap_helper.S.obj)
                              (--whole-archive)
zephyr/arch/arch/arm/core/aarch32/libarch__arm__core__aarch32.a(thread.c.obj)
                              (--whole-archive)
zephyr/arch/arch/arm/core/aarch32/libarch__arm__core__aarch32.a(isr_wrapper.S.obj)
                              (--whole-archive)
zephyr/arch/arch/arm/core/aarch32/libarch__arm__core__aarch32.a(tls.c.obj)
                              (--whole-archive)
zephyr/arch/arch/arm/core/aarch32/cortex_m/libarch__arm__core__aarch32__cortex_m.a(exc_exit.S.obj)
                              (--whole-archive)
zephyr/arch/arch/arm/core/aarch32/cortex_m/libarch__arm__core__aarch32__cortex_m.a(fault.c.obj)
                              (--whole-archive)
zephyr/arch/arch/arm/core/aarch32/cortex_m/libarch__arm__core__aarch32__cortex_m.a(fault_s.S.obj)
                              (--whole-archive)
zephyr/arch/arch/arm/core/aarch32/cortex_m/libarch__arm__core__aarch32__cortex_m.a(fpu.c.obj)
[...]
Memory Configuration

Name             Origin             Length             Attributes
FLASH            0x0000000000000000 0x0000000000100000 xr
RAM              0x0000000020000000 0x0000000000040000 xw
IDT_LIST         0x00000000fffff7ff 0x0000000000000800 xw
*default*        0x0000000000000000 0xffffffffffffffff

Linker script and memory map

                0x0000000000007910                vfprintf = __i_vfprintf
                0x0000000000000000                vfscanf = __i_vfscanf
LOAD zephyr/CMakeFiles/zephyr_pre0.dir/misc/empty_file.c.obj
LOAD app/libapp.a
LOAD zephyr/libzephyr.a
LOAD zephyr/arch/common/libarch__common.a
LOAD zephyr/arch/arch/arm/core/aarch32/libarch__arm__core__aarch32.a
LOAD zephyr/arch/arch/arm/core/aarch32/cortex_m/libarch__arm__core__aarch32__cortex_m.a
LOAD zephyr/arch/arch/arm/core/aarch32/mpu/libarch__arm__core__aarch32__mpu.a
LOAD zephyr/lib/libc/picolibc/liblib__libc__picolibc.a
LOAD zephyr/lib/libc/common/liblib__libc__common.a
LOAD zephyr/soc/soc/arm/common/cortex_m/libsoc__arm__common__cortex_m.a
LOAD zephyr/soc/soc/arm/nordic_nrf/nrf52/libsoc__arm__nordic_nrf__nrf52.a
LOAD zephyr/drivers/clock_control/libdrivers__clock_control.a
LOAD zephyr/drivers/console/libdrivers__console.a
LOAD zephyr/drivers/gpio/libdrivers__gpio.a
LOAD zephyr/drivers/i2c/libdrivers__i2c.a
LOAD zephyr/drivers/kscan/libdrivers__kscan.a
LOAD zephyr/drivers/led/libdrivers__led.a
LOAD zephyr/drivers/pinctrl/libdrivers__pinctrl.a
LOAD zephyr/drivers/sensor/qdec_nrfx/libdrivers__sensor__qdec_nrfx.a
LOAD zephyr/drivers/sensor/nrf5/libdrivers__sensor__nrf5.a
LOAD zephyr/drivers/serial/libdrivers__serial.a
LOAD zephyr/drivers/timer/libdrivers__timer.a
LOAD modules/nrf/lib/fatal_error/lib..__nrf__lib__fatal_error.a
LOAD modules/nrf/drivers/hw_cc310/lib..__nrf__drivers__hw_cc310.a
LOAD modules/hal_nordic/nrfx/libmodules__hal_nordic__nrfx.a
LOAD modules/segger/libmodules__segger.a
LOAD zephyr/kernel/libkernel.a
LOAD zephyr/CMakeFiles/offsets.dir/./arch/arm/core/offsets/offsets.c.obj
LOAD /opt/nordic/ncs/toolchains/20d68df7e5/opt/zephyr-sdk/arm-zephyr-eabi/bin/../lib/gcc/arm-zephyr-eabi/12.2.0/thumb/v7e-m/nofp/libgcc.a
LOAD zephyr/arch/common/libisr_tables.a
LOAD /opt/nordic/ncs/v2.5.0/nrfxlib/crypto/nrf_cc310_platform/lib/cortex-m4/soft-float/no-interrupts/libnrf_cc310_platform_0.9.18.a
LOAD /opt/nordic/ncs/toolchains/20d68df7e5/opt/zephyr-sdk/arm-zephyr-eabi/bin/../lib/gcc/../../picolibc/arm-zephyr-eabi/lib/thumb/v7e-m/nofp/libc.a
LOAD /opt/nordic/ncs/toolchains/20d68df7e5/opt/zephyr-sdk/arm-zephyr-eabi/bin/../lib/gcc/arm-zephyr-eabi/12.2.0/thumb/v7e-m/nofp/libgcc.a
                0x0000000000000020                _region_min_align = 0x20

.rel.plt        0x0000000000000000        0x0
 *(SORT_BY_ALIGNMENT(.rel.plt))
                [!provide]                        PROVIDE (__rel_iplt_start = .)
 *(SORT_BY_ALIGNMENT(.rel.iplt))
 .rel.iplt      0x0000000000000000        0x0 app/libapp.a(main.c.obj)
                [!provide]                        PROVIDE (__rel_iplt_end = .)

.rela.plt       0x0000000000000000        0x0
 *(SORT_BY_ALIGNMENT(.rela.plt))
                [!provide]                        PROVIDE (__rela_iplt_start = .)
 *(SORT_BY_ALIGNMENT(.rela.iplt))
                [!provide]                        PROVIDE (__rela_iplt_end = .)

.rel.dyn
 *(SORT_BY_ALIGNMENT(.rel.*))

.rela.dyn
 *(SORT_BY_ALIGNMENT(.rela.*))

/DISCARD/
 *(SORT_BY_ALIGNMENT(.plt))

/DISCARD/
 *(SORT_BY_ALIGNMENT(.iplt))
                0x0000000000000000                __rom_region_start = 0x0

rom_start       0x0000000000000000      0x100
                0x0000000000000000                __rom_start_address = .
                0x0000000000000000                . = (. + (0x0 - (. - __rom_start_address)))
                0x0000000000000000                . = ALIGN (0x4)
                0x0000000000000000                . = ALIGN (0x80)
                0x0000000000000000                . = ALIGN (0x100)
                0x0000000000000000                _vector_start = .
 *(SORT_BY_ALIGNMENT(.exc_vector_table))
 *(SORT_BY_ALIGNMENT(.exc_vector_table.*))
 .exc_vector_table._vector_table_section
                0x0000000000000000       0x40 zephyr/arch/arch/arm/core/aarch32/cortex_m/libarch__arm__core__aarch32__cortex_m.a(vector_table.S.obj)
                0x0000000000000000                _vector_table
 *(SORT_BY_ALIGNMENT(.vectors))
                0x0000000000000100                _vector_end = .
                0x0000000000000040                . = ALIGN (0x4)
 *(SORT_BY_ALIGNMENT(.gnu.linkonce.irq_vector_table*))
 .gnu.linkonce.irq_vector_table
                0x0000000000000040       0xc0 zephyr/arch/common/libisr_tables.a(isr_tables.c.obj)
                0x0000000000000040                _irq_vector_table
                0x0000000000000100                _vector_end = .

text            0x0000000000000100     0x93dc
                0x0000000000000100                __text_region_start = .
 *(SORT_BY_ALIGNMENT(.text))
 .text          0x0000000000000100       0x30 /opt/nordic/ncs/toolchains/20d68df7e5/opt/zephyr-sdk/arm-zephyr-eabi/bin/../lib/gcc/arm-zephyr-eabi/12.2.0/thumb/v7e-m/nofp/libgcc.a(_aeabi_uldivmod.o)
                0x0000000000000100                __aeabi_uldivmod
 .text          0x0000000000000130        0x4 /opt/nordic/ncs/toolchains/20d68df7e5/opt/zephyr-sdk/arm-zephyr-eabi/bin/../lib/gcc/arm-zephyr-eabi/12.2.0/thumb/v7e-m/nofp/libgcc.a(_dvmd_tls.o)
                0x0000000000000130                __aeabi_ldiv0
                0x0000000000000130                __aeabi_idiv0
 .text          0x0000000000000134      0x2a0 /opt/nordic/ncs/toolchains/20d68df7e5/opt/zephyr-sdk/arm-zephyr-eabi/bin/../lib/gcc/arm-zephyr-eabi/12.2.0/thumb/v7e-m/nofp/libgcc.a(_udivmoddi4.o)
                0x0000000000000134                __udivmoddi4
 .text          0x00000000000003d4       0x10 /opt/nordic/ncs/toolchains/20d68df7e5/opt/zephyr-sdk/arm-zephyr-eabi/bin/../lib/gcc/../../picolibc/arm-zephyr-eabi/lib/thumb/v7e-m/nofp/libc.a(strlen.S.o)
                0x00000000000003d4                strlen
 *(SORT_BY_ALIGNMENT(.text.*))
 .text.button0_callback
                0x00000000000003e4       0x3c app/libapp.a(main.c.obj)
                0x00000000000003e4                button0_callback
 .text.gpio_add_callback.constprop.0.isra.0
                0x0000000000000420       0x14 app/libapp.a(main.c.obj)
 .text.game_loop
                0x0000000000000434      0x3c4 app/libapp.a(main.c.obj)
                0x0000000000000434                game_loop
 .text.reset_game
                0x00000000000007f8       0x78 app/libapp.a(main.c.obj)
                0x00000000000007f8                reset_game
 .text.gpio_init
                0x0000000000000870      0x114 app/libapp.a(main.c.obj)
                0x0000000000000870                gpio_init
 .text.main     0x0000000000000984       0xd4 app/libapp.a(main.c.obj)
                0x0000000000000984                main
 .text.cbvprintf_package
                0x0000000000000a58      0x3a4 zephyr/libzephyr.a(cbprintf_packaged.c.obj)
                0x0000000000000a58                cbvprintf_package
 .text.cbprintf_package_convert
                0x0000000000000dfc      0x3b0 zephyr/libzephyr.a(cbprintf_packaged.c.obj)
                0x0000000000000dfc                cbprintf_package_convert
 .text.__printk_hook_install
                0x00000000000011ac        0xc zephyr/libzephyr.a(printk.c.obj)
                0x00000000000011ac                __printk_hook_install
 .text.z_thread_entry
                0x00000000000011b8       0x34 zephyr/libzephyr.a(thread_entry.c.obj)
                0x00000000000011b8                z_thread_entry
 .text.process_event
                0x00000000000011ec      0x21c zephyr/libzephyr.a(onoff.c.obj)
 .text.sys_reboot
                0x0000000000001408       0x30 zephyr/libzephyr.a(reboot.c.obj)
                0x0000000000001408                sys_reboot
 .text.z_arm_platform_init
                0x0000000000001438        0x4 zephyr/libzephyr.a(soc_nrf_common.S.obj)
                0x0000000000001438                z_arm_platform_init
 .text.activate_foreach_backend
                0x000000000000143c       0x64 zephyr/libzephyr.a(log_core.c.obj)
 .text.enable_logger
                0x00000000000014a0       0x5c zephyr/libzephyr.a(log_core.c.obj)
 .text.log_process_thread_timer_expiry_fn
                0x00000000000014fc        0xc zephyr/libzephyr.a(log_core.c.obj)
 .text.z_log_init
                0x0000000000001508       0x90 zephyr/libzephyr.a(log_core.c.obj)
 .text.log_format_func_t_get
                0x0000000000001598        0xc zephyr/libzephyr.a(log_core.c.obj)
                0x0000000000001598                log_format_func_t_get
 .text.log_set_timestamp_func
                0x00000000000015a4       0x20 zephyr/libzephyr.a(log_core.c.obj)
                0x00000000000015a4                log_set_timestamp_func
 .text.z_log_notify_backend_enabled
                0x00000000000015c4       0x1c zephyr/libzephyr.a(log_core.c.obj)
                0x00000000000015c4                z_log_notify_backend_enabled
 .text.z_log_dropped
                0x00000000000015e0       0x30 zephyr/libzephyr.a(log_core.c.obj)
                0x00000000000015e0                z_log_dropped
 .text.z_log_dropped_read_and_clear
                0x0000000000001610       0x20 zephyr/libzephyr.a(log_core.c.obj)
                0x0000000000001610                z_log_dropped_read_and_clear
 .text.dropped_notify
                0x0000000000001630       0x30 zephyr/libzephyr.a(log_core.c.obj)
                0x0000000000001630                dropped_notify
 .text.z_log_msg_init
                0x0000000000001660       0x20 zephyr/libzephyr.a(log_core.c.obj)
                0x0000000000001660                z_log_msg_init
 .text.log_core_init
                0x0000000000001680       0x34 zephyr/libzephyr.a(log_core.c.obj)
                0x0000000000001680                log_core_init
 .text.z_log_msg_alloc
                0x00000000000016b4       0x10 zephyr/libzephyr.a(log_core.c.obj)
                0x00000000000016b4                z_log_msg_alloc
 .text.z_log_msg_local_claim
                0x00000000000016c4        0xc zephyr/libzephyr.a(log_core.c.obj)
                0x00000000000016c4                z_log_msg_local_claim
 .text.z_log_msg_free
                0x00000000000016d0       0x10 zephyr/libzephyr.a(log_core.c.obj)
                0x00000000000016d0                z_log_msg_free
 .text.z_log_msg_pending
                0x00000000000016e0        0xc zephyr/libzephyr.a(log_core.c.obj)
                0x00000000000016e0                z_log_msg_pending
 .text.z_impl_log_process
                0x00000000000016ec       0xbc zephyr/libzephyr.a(log_core.c.obj)
                0x00000000000016ec                z_impl_log_process
 .text.z_impl_log_panic
                0x00000000000017a8       0x44 zephyr/libzephyr.a(log_core.c.obj)
                0x00000000000017a8                z_impl_log_panic
 .text.log_process_thread_func
                0x00000000000017ec       0xa4 zephyr/libzephyr.a(log_core.c.obj)
 .text.z_log_msg_post_finalize
                0x0000000000001890       0x78 zephyr/libzephyr.a(log_core.c.obj)
 .text.z_log_msg_commit
                0x0000000000001908       0x24 zephyr/libzephyr.a(log_core.c.obj)
                0x0000000000001908                z_log_msg_commit
 .text.log_source_name_get
                0x000000000000192c       0x1c zephyr/libzephyr.a(log_mgmt.c.obj)
                0x000000000000192c                log_source_name_get
 .text.log_backend_enable
                0x0000000000001948       0x28 zephyr/libzephyr.a(log_mgmt.c.obj)
                0x0000000000001948                log_backend_enable
 .text.z_impl_z_log_msg_static_create
                0x0000000000001970      0x108 zephyr/libzephyr.a(log_msg.c.obj)
                0x0000000000001970                z_impl_z_log_msg_static_create
 .text.z_impl_z_log_msg_runtime_vcreate
                0x0000000000001a78       0x8c zephyr/libzephyr.a(log_msg.c.obj)
                0x0000000000001a78                z_impl_z_log_msg_runtime_vcreate
 .text.print_formatted
                0x0000000000001b04       0x24 zephyr/libzephyr.a(log_output.c.obj)
 .text.newline_print
                0x0000000000001b28       0x1c zephyr/libzephyr.a(log_output.c.obj)
 .text.log_output_process
                0x0000000000001b44      0x2a8 zephyr/libzephyr.a(log_output.c.obj)
                0x0000000000001b44                log_output_process
 .text.log_output_msg_process
                0x0000000000001dec       0x70 zephyr/libzephyr.a(log_output.c.obj)
                0x0000000000001dec                log_output_msg_process
 .text.log_output_dropped_process
                0x0000000000001e5c       0x58 zephyr/libzephyr.a(log_output.c.obj)
                0x0000000000001e5c                log_output_dropped_process
 .text.log_output_timestamp_freq_set
                0x0000000000001eb4       0x2c zephyr/libzephyr.a(log_output.c.obj)
                0x0000000000001eb4                log_output_timestamp_freq_set
 .text.log_backend_rtt_init
                0x0000000000001ee0        0xc zephyr/libzephyr.a(log_backend_rtt.c.obj)
 .text.format_set
                0x0000000000001eec        0xc zephyr/libzephyr.a(log_backend_rtt.c.obj)
 .text.panic    0x0000000000001ef8       0x14 zephyr/libzephyr.a(log_backend_rtt.c.obj)
 .text.dropped  0x0000000000001f0c        0xc zephyr/libzephyr.a(log_backend_rtt.c.obj)
 .text.process  0x0000000000001f18       0x24 zephyr/libzephyr.a(log_backend_rtt.c.obj)
 .text.on_failed_write
                0x0000000000001f3c       0x28 zephyr/libzephyr.a(log_backend_rtt.c.obj)
 .text.data_out_block_mode
                0x0000000000001f64       0x84 zephyr/libzephyr.a(log_backend_rtt.c.obj)
 .text.format_set
                0x0000000000001fe8        0xc zephyr/libzephyr.a(log_backend_uart.c.obj)
 .text.panic    0x0000000000001ff4       0x14 zephyr/libzephyr.a(log_backend_uart.c.obj)
 .text.dropped  0x0000000000002008        0xc zephyr/libzephyr.a(log_backend_uart.c.obj)
 .text.process  0x0000000000002014       0x24 zephyr/libzephyr.a(log_backend_uart.c.obj)
 .text.char_out
                0x0000000000002038       0x24 zephyr/libzephyr.a(log_backend_uart.c.obj)
 .text.nrf_cc3xx_platform_abort_init
                0x000000000000205c        0xc zephyr/libzephyr.a(nrf_cc3xx_platform_abort_zephyr.c.obj)
                0x000000000000205c                nrf_cc3xx_platform_abort_init
 .text.mutex_free_platform
                0x0000000000002068       0x54 zephyr/libzephyr.a(nrf_cc3xx_platform_mutex_zephyr.c.obj)
 .text.mutex_lock_platform
                0x00000000000020bc       0x60 zephyr/libzephyr.a(nrf_cc3xx_platform_mutex_zephyr.c.obj)
 .text.mutex_unlock_platform
                0x000000000000211c       0x58 zephyr/libzephyr.a(nrf_cc3xx_platform_mutex_zephyr.c.obj)
 .text.mutex_init_platform
                0x0000000000002174       0x94 zephyr/libzephyr.a(nrf_cc3xx_platform_mutex_zephyr.c.obj)
 .text.nrf_cc3xx_platform_mutex_init
                0x0000000000002208       0x2c zephyr/libzephyr.a(nrf_cc3xx_platform_mutex_zephyr.c.obj)
                0x0000000000002208                nrf_cc3xx_platform_mutex_init
 .text.z_arm_cpu_idle_init
                0x0000000000002234        0xc zephyr/arch/arch/arm/core/aarch32/libarch__arm__core__aarch32.a(cpu_idle.S.obj)
                0x0000000000002234                z_arm_cpu_idle_init
 .text.arch_cpu_idle
                0x0000000000002240       0x1c zephyr/arch/arch/arm/core/aarch32/libarch__arm__core__aarch32.a(cpu_idle.S.obj)
                0x0000000000002240                arch_cpu_idle
 .text.arch_cpu_atomic_idle
                0x000000000000225c       0x18 zephyr/arch/arch/arm/core/aarch32/libarch__arm__core__aarch32.a(cpu_idle.S.obj)
                0x000000000000225c                arch_cpu_atomic_idle
 .text.z_arm_fatal_error
                0x0000000000002274       0xcc zephyr/arch/arch/arm/core/aarch32/libarch__arm__core__aarch32.a(fatal.c.obj)
                0x0000000000002274                z_arm_fatal_error
 .text.arch_irq_enable
                0x0000000000002340       0x1c zephyr/arch/arch/arm/core/aarch32/libarch__arm__core__aarch32.a(irq_manage.c.obj)
                0x0000000000002340                arch_irq_enable
 .text.arch_irq_disable
                0x000000000000235c       0x28 zephyr/arch/arch/arm/core/aarch32/libarch__arm__core__aarch32.a(irq_manage.c.obj)
                0x000000000000235c                arch_irq_disable
 .text.arch_irq_is_enabled
                0x0000000000002384       0x1c zephyr/arch/arch/arm/core/aarch32/libarch__arm__core__aarch32.a(irq_manage.c.obj)
                0x0000000000002384                arch_irq_is_enabled
 .text.z_arm_irq_priority_set
                0x00000000000023a0       0x30 zephyr/arch/arch/arm/core/aarch32/libarch__arm__core__aarch32.a(irq_manage.c.obj)
                0x00000000000023a0                z_arm_irq_priority_set
 .text.z_SysNmiOnReset
                0x00000000000023d0        0x8 zephyr/arch/arch/arm/core/aarch32/libarch__arm__core__aarch32.a(nmi_on_reset.S.obj)
                0x00000000000023d0                z_SysNmiOnReset
 .text.z_arm_prep_c
                0x00000000000023d8       0x38 zephyr/arch/arch/arm/core/aarch32/libarch__arm__core__aarch32.a(prep_c.c.obj)
                0x00000000000023d8                z_arm_prep_c
 .text.arch_swap
                0x0000000000002410       0x34 zephyr/arch/arch/arm/core/aarch32/libarch__arm__core__aarch32.a(swap.c.obj)
                0x0000000000002410                arch_swap
 .text.z_arm_pendsv
                0x0000000000002444       0x64 zephyr/arch/arch/arm/core/aarch32/libarch__arm__core__aarch32.a(swap_helper.S.obj)
                0x0000000000002444                z_arm_pendsv
 .text.z_arm_svc
                0x00000000000024a8       0x20 zephyr/arch/arch/arm/core/aarch32/libarch__arm__core__aarch32.a(swap_helper.S.obj)
                0x00000000000024a8                z_arm_svc
 .text.arch_new_thread
                0x00000000000024c8       0x38 zephyr/arch/arch/arm/core/aarch32/libarch__arm__core__aarch32.a(thread.c.obj)
                0x00000000000024c8                arch_new_thread
 .text.z_check_thread_stack_fail
                0x0000000000002500       0x2c zephyr/arch/arch/arm/core/aarch32/libarch__arm__core__aarch32.a(thread.c.obj)
                0x0000000000002500                z_check_thread_stack_fail
 .text.arch_switch_to_main_thread
                0x000000000000252c       0x38 zephyr/arch/arch/arm/core/aarch32/libarch__arm__core__aarch32.a(thread.c.obj)
                0x000000000000252c                arch_switch_to_main_thread
 .text._isr_wrapper
                0x0000000000002564       0x28 zephyr/arch/arch/arm/core/aarch32/libarch__arm__core__aarch32.a(isr_wrapper.S.obj)
                0x0000000000002564                _isr_wrapper
 .text.arch_tls_stack_setup
                0x000000000000258c       0x5c zephyr/arch/arch/arm/core/aarch32/libarch__arm__core__aarch32.a(tls.c.obj)
                0x000000000000258c                arch_tls_stack_setup
 .text._HandlerModeExit
                0x00000000000025e8       0x1c zephyr/arch/arch/arm/core/aarch32/cortex_m/libarch__arm__core__aarch32__cortex_m.a(exc_exit.S.obj)
                0x00000000000025e8                z_arm_exc_exit
                0x00000000000025e8                z_arm_int_exit
 .text.bus_fault.constprop.0
                0x0000000000002604      0x154 zephyr/arch/arch/arm/core/aarch32/cortex_m/libarch__arm__core__aarch32__cortex_m.a(fault.c.obj)
 .text.usage_fault.constprop.0
                0x0000000000002758      0x104 zephyr/arch/arch/arm/core/aarch32/cortex_m/libarch__arm__core__aarch32__cortex_m.a(fault.c.obj)
 .text.mem_manage_fault
                0x000000000000285c      0x178 zephyr/arch/arch/arm/core/aarch32/cortex_m/libarch__arm__core__aarch32__cortex_m.a(fault.c.obj)
 .text.z_arm_fault
                0x00000000000029d4      0x224 zephyr/arch/arch/arm/core/aarch32/cortex_m/libarch__arm__core__aarch32__cortex_m.a(fault.c.obj)
                0x00000000000029d4                z_arm_fault
 .text.z_arm_fault_init
                0x0000000000002bf8       0x10 zephyr/arch/arch/arm/core/aarch32/cortex_m/libarch__arm__core__aarch32__cortex_m.a(fault.c.obj)
                0x0000000000002bf8                z_arm_fault_init
 .text.__fault  0x0000000000002c08       0x14 zephyr/arch/arch/arm/core/aarch32/cortex_m/libarch__arm__core__aarch32__cortex_m.a(fault_s.S.obj)
                0x0000000000002c08                z_arm_bus_fault
                0x0000000000002c08                z_arm_usage_fault
                0x0000000000002c08                z_arm_mpu_fault
                0x0000000000002c08                z_arm_exc_spurious
                0x0000000000002c08                z_arm_debug_monitor
                0x0000000000002c08                z_arm_hard_fault
 .text.z_arm_interrupt_init
                0x0000000000002c1c       0x18 zephyr/arch/arch/arm/core/aarch32/cortex_m/libarch__arm__core__aarch32__cortex_m.a(irq_init.c.obj)
                0x0000000000002c1c                z_arm_interrupt_init
 .text._reset_section
                0x0000000000002c34       0x54 zephyr/arch/arch/arm/core/aarch32/cortex_m/libarch__arm__core__aarch32__cortex_m.a(reset.S.obj)
                0x0000000000002c34                z_arm_reset
                0x0000000000002c34                __start
 .text.sys_arch_reboot
                0x0000000000002c88       0x24 zephyr/arch/arch/arm/core/aarch32/cortex_m/libarch__arm__core__aarch32__cortex_m.a(scb.c.obj)
                0x0000000000002c88                sys_arch_reboot
 .text.z_arm_clear_arm_mpu_config
                0x0000000000002cac       0x24 zephyr/arch/arch/arm/core/aarch32/cortex_m/libarch__arm__core__aarch32__cortex_m.a(scb.c.obj)
                0x0000000000002cac                z_arm_clear_arm_mpu_config
 .text.z_arm_init_arch_hw_at_boot
                0x0000000000002cd0       0x64 zephyr/arch/arch/arm/core/aarch32/cortex_m/libarch__arm__core__aarch32__cortex_m.a(scb.c.obj)
                0x0000000000002cd0                z_arm_init_arch_hw_at_boot
 .text.z_impl_k_thread_abort
                0x0000000000002d34       0x2c zephyr/arch/arch/arm/core/aarch32/cortex_m/libarch__arm__core__aarch32__cortex_m.a(thread_abort.c.obj)
                0x0000000000002d34                z_impl_k_thread_abort
 .text.z_arm_configure_static_mpu_regions
                0x0000000000002d60       0x18 zephyr/arch/arch/arm/core/aarch32/mpu/libarch__arm__core__aarch32__mpu.a(arm_core_mpu.c.obj)
                0x0000000000002d60                z_arm_configure_static_mpu_regions
 .text.z_arm_configure_dynamic_mpu_regions
                0x0000000000002d78       0x20 zephyr/arch/arch/arm/core/aarch32/mpu/libarch__arm__core__aarch32__mpu.a(arm_core_mpu.c.obj)
                0x0000000000002d78                z_arm_configure_dynamic_mpu_regions
 .text.mpu_configure_regions
                0x0000000000002d98       0xcc zephyr/arch/arch/arm/core/aarch32/mpu/libarch__arm__core__aarch32__mpu.a(arm_mpu.c.obj)
 .text.arm_core_mpu_enable
                0x0000000000002e64       0x18 zephyr/arch/arch/arm/core/aarch32/mpu/libarch__arm__core__aarch32__mpu.a(arm_mpu.c.obj)
                0x0000000000002e64                arm_core_mpu_enable
 .text.arm_core_mpu_disable
                0x0000000000002e7c       0x14 zephyr/arch/arch/arm/core/aarch32/mpu/libarch__arm__core__aarch32__mpu.a(arm_mpu.c.obj)
                0x0000000000002e7c                arm_core_mpu_disable
 .text.arm_core_mpu_configure_static_mpu_regions
                0x0000000000002e90       0x14 zephyr/arch/arch/arm/core/aarch32/mpu/libarch__arm__core__aarch32__mpu.a(arm_mpu.c.obj)
                0x0000000000002e90                arm_core_mpu_configure_static_mpu_regions
 .text.arm_core_mpu_configure_dynamic_mpu_regions
                0x0000000000002ea4       0x30 zephyr/arch/arch/arm/core/aarch32/mpu/libarch__arm__core__aarch32__mpu.a(arm_mpu.c.obj)
                0x0000000000002ea4                arm_core_mpu_configure_dynamic_mpu_regions
 .text.z_arm_mpu_init
                0x0000000000002ed4       0x60 zephyr/arch/arch/arm/core/aarch32/mpu/libarch__arm__core__aarch32__mpu.a(arm_mpu.c.obj)
                0x0000000000002ed4                z_arm_mpu_init
 .text.z_impl_zephyr_fputc
                0x0000000000002f34       0x10 zephyr/lib/libc/picolibc/liblib__libc__picolibc.a(libc-hooks.c.obj)
                0x0000000000002f34                z_impl_zephyr_fputc
 .text.__stdout_hook_install
                0x0000000000002f44       0x18 zephyr/lib/libc/picolibc/liblib__libc__picolibc.a(libc-hooks.c.obj)
                0x0000000000002f44                __stdout_hook_install
 .text.cbvprintf
                0x0000000000002f5c       0x38 zephyr/lib/libc/picolibc/liblib__libc__picolibc.a(libc-hooks.c.obj)
                0x0000000000002f5c                cbvprintf
 .text.malloc_prepare
                0x0000000000002f94       0x24 zephyr/lib/libc/common/liblib__libc__common.a(malloc.c.obj)
 .text.nordicsemi_nrf52_init
                0x0000000000002fb8       0x44 zephyr/soc/soc/arm/nordic_nrf/nrf52/libsoc__arm__nordic_nrf__nrf52.a(soc.c.obj)
 .text.arch_busy_wait
                0x0000000000002ffc       0x14 zephyr/soc/soc/arm/nordic_nrf/nrf52/libsoc__arm__nordic_nrf__nrf52.a(soc.c.obj)
                0x0000000000002ffc                arch_busy_wait
 .text.onoff_stop
                0x0000000000003010       0x30 zephyr/drivers/clock_control/libdrivers__clock_control.a(clock_control_nrf.c.obj)
 .text.onoff_start
                0x0000000000003040       0x44 zephyr/drivers/clock_control/libdrivers__clock_control.a(clock_control_nrf.c.obj)
 .text.clk_init
                0x0000000000003084       0x58 zephyr/drivers/clock_control/libdrivers__clock_control.a(clock_control_nrf.c.obj)
 .text.clkstarted_handle.constprop.0
                0x00000000000030dc       0x34 zephyr/drivers/clock_control/libdrivers__clock_control.a(clock_control_nrf.c.obj)
 .text.clock_event_handler
                0x0000000000003110       0x1c zephyr/drivers/clock_control/libdrivers__clock_control.a(clock_control_nrf.c.obj)
 .text.generic_hfclk_start
                0x000000000000312c       0x64 zephyr/drivers/clock_control/libdrivers__clock_control.a(clock_control_nrf.c.obj)
 .text.api_blocking_start
                0x0000000000003190       0x34 zephyr/drivers/clock_control/libdrivers__clock_control.a(clock_control_nrf.c.obj)
 .text.generic_hfclk_stop
                0x00000000000031c4       0x34 zephyr/drivers/clock_control/libdrivers__clock_control.a(clock_control_nrf.c.obj)
 .text.z_nrf_clock_control_get_onoff
                0x00000000000031f8       0x10 zephyr/drivers/clock_control/libdrivers__clock_control.a(clock_control_nrf.c.obj)
                0x00000000000031f8                z_nrf_clock_control_get_onoff
 .text.z_nrf_clock_control_lf_on
                0x0000000000003208       0xfc zephyr/drivers/clock_control/libdrivers__clock_control.a(clock_control_nrf.c.obj)
                0x0000000000003208                z_nrf_clock_control_lf_on
 .text.uart_console_init
                0x0000000000003304       0x28 zephyr/drivers/console/libdrivers__console.a(uart_console.c.obj)
 .text.console_out
                0x000000000000332c       0x28 zephyr/drivers/console/libdrivers__console.a(uart_console.c.obj)
 .text.gpio_nrfx_pin_interrupt_configure
                0x0000000000003354       0xe4 zephyr/drivers/gpio/libdrivers__gpio.a(gpio_nrfx.c.obj)
 .text.gpio_nrfx_init
                0x0000000000003438       0x38 zephyr/drivers/gpio/libdrivers__gpio.a(gpio_nrfx.c.obj)
 .text.nrfx_gpio_handler
                0x0000000000003470       0x4c zephyr/drivers/gpio/libdrivers__gpio.a(gpio_nrfx.c.obj)
 .text.gpio_nrfx_pin_configure
                0x00000000000034bc      0x128 zephyr/drivers/gpio/libdrivers__gpio.a(gpio_nrfx.c.obj)
 .text.i2c_nrfx_twi_recover_bus
                0x00000000000035e4       0x24 zephyr/drivers/i2c/libdrivers__i2c.a(i2c_nrfx_twi.c.obj)
 .text.twi_0_init
                0x0000000000003608       0x94 zephyr/drivers/i2c/libdrivers__i2c.a(i2c_nrfx_twi.c.obj)
 .text.event_handler
                0x000000000000369c       0x34 zephyr/drivers/i2c/libdrivers__i2c.a(i2c_nrfx_twi.c.obj)
 .text.i2c_nrfx_twi_configure
                0x00000000000036d0       0x58 zephyr/drivers/i2c/libdrivers__i2c.a(i2c_nrfx_twi.c.obj)
 .text.i2c_nrfx_twi_transfer
                0x0000000000003728      0x158 zephyr/drivers/i2c/libdrivers__i2c.a(i2c_nrfx_twi.c.obj)
 .text.kscan_ht16k33_init.part.0
                0x0000000000003880       0x2c zephyr/drivers/kscan/libdrivers__kscan.a(kscan_ht16k33.c.obj)
 .text.ht16k33_led_set_brightness.part.0
                0x00000000000038ac       0x28 zephyr/drivers/led/libdrivers__led.a(ht16k33.c.obj)
 .text.ht16k33_irq_thread
                0x00000000000038d4      0x128 zephyr/drivers/led/libdrivers__led.a(ht16k33.c.obj)
 .text.ht16k33_led_blink
                0x00000000000039fc       0x70 zephyr/drivers/led/libdrivers__led.a(ht16k33.c.obj)
 .text.ht16k33_led_set_state
                0x0000000000003a6c       0x98 zephyr/drivers/led/libdrivers__led.a(ht16k33.c.obj)
 .text.ht16k33_init
                0x0000000000003b04      0x2c4 zephyr/drivers/led/libdrivers__led.a(ht16k33.c.obj)
 .text.led_gpio_init
                0x0000000000003dc8      0x11c zephyr/drivers/led/libdrivers__led.a(led_gpio.c.obj)
 .text.nrf_gpio_pin_port_decode
                0x0000000000003ee4       0x20 zephyr/drivers/pinctrl/libdrivers__pinctrl.a(pinctrl_nrf.c.obj)
 .text.pinctrl_configure_pins
                0x0000000000003f04      0x1a4 zephyr/drivers/pinctrl/libdrivers__pinctrl.a(pinctrl_nrf.c.obj)
                0x0000000000003f04                pinctrl_configure_pins
 .text.nrf_gpio_pin_port_decode
                0x00000000000040a8       0x20 zephyr/drivers/sensor/qdec_nrfx/libdrivers__sensor__qdec_nrfx.a(qdec_nrfx.c.obj)
 .text.accumulate
                0x00000000000040c8       0x44 zephyr/drivers/sensor/qdec_nrfx/libdrivers__sensor__qdec_nrfx.a(qdec_nrfx.c.obj)
 .text.qdec_nrfx_channel_get
                0x000000000000410c       0x5c zephyr/drivers/sensor/qdec_nrfx/libdrivers__sensor__qdec_nrfx.a(qdec_nrfx.c.obj)
 .text.qdec_nrfx_event_handler
                0x0000000000004168       0x78 zephyr/drivers/sensor/qdec_nrfx/libdrivers__sensor__qdec_nrfx.a(qdec_nrfx.c.obj)
 .text.qdec_nrfx_init
                0x00000000000041e0       0xe0 zephyr/drivers/sensor/qdec_nrfx/libdrivers__sensor__qdec_nrfx.a(qdec_nrfx.c.obj)
 .text.hfclk_on_callback
                0x00000000000042c0        0xc zephyr/drivers/sensor/nrf5/libdrivers__sensor__nrf5.a(temp_nrf5.c.obj)
 .text.temp_nrf5_channel_get
                0x00000000000042cc       0x2c zephyr/drivers/sensor/nrf5/libdrivers__sensor__nrf5.a(temp_nrf5.c.obj)
 .text.temp_nrf5_isr
                0x00000000000042f8       0x18 zephyr/drivers/sensor/nrf5/libdrivers__sensor__nrf5.a(temp_nrf5.c.obj)
 .text.temp_nrf5_sample_fetch
                0x0000000000004310       0x78 zephyr/drivers/sensor/nrf5/libdrivers__sensor__nrf5.a(temp_nrf5.c.obj)
 .text.temp_nrf5_init
                0x0000000000004388       0x40 zephyr/drivers/sensor/nrf5/libdrivers__sensor__nrf5.a(temp_nrf5.c.obj)
 .text.uarte_nrfx_configure
                0x00000000000043c8      0x168 zephyr/drivers/serial/libdrivers__serial.a(uart_nrfx_uarte.c.obj)
 .text.uarte_0_init
                0x0000000000004530      0x104 zephyr/drivers/serial/libdrivers__serial.a(uart_nrfx_uarte.c.obj)
 .text.uarte_nrfx_poll_out
                0x0000000000004634       0xcc zephyr/drivers/serial/libdrivers__serial.a(uart_nrfx_uarte.c.obj)
 .text.compare_int_lock
                0x0000000000004700       0x48 zephyr/drivers/timer/libdrivers__timer.a(nrf_rtc_timer.c.obj)
 .text.sys_clock_timeout_handler
                0x0000000000004748       0x48 zephyr/drivers/timer/libdrivers__timer.a(nrf_rtc_timer.c.obj)
 .text.compare_int_unlock
                0x0000000000004790       0x5c zephyr/drivers/timer/libdrivers__timer.a(nrf_rtc_timer.c.obj)
 .text.z_nrf_rtc_timer_read
                0x00000000000047ec       0x44 zephyr/drivers/timer/libdrivers__timer.a(nrf_rtc_timer.c.obj)
                0x00000000000047ec                z_nrf_rtc_timer_read
 .text.compare_set
                0x0000000000004830      0x130 zephyr/drivers/timer/libdrivers__timer.a(nrf_rtc_timer.c.obj)
 .text.sys_clock_driver_init
                0x0000000000004960       0x90 zephyr/drivers/timer/libdrivers__timer.a(nrf_rtc_timer.c.obj)
 .text.rtc_nrf_isr
                0x00000000000049f0       0xd4 zephyr/drivers/timer/libdrivers__timer.a(nrf_rtc_timer.c.obj)
                0x00000000000049f0                rtc_nrf_isr
 .text.sys_clock_set_timeout
                0x0000000000004ac4       0x68 zephyr/drivers/timer/libdrivers__timer.a(nrf_rtc_timer.c.obj)
                0x0000000000004ac4                sys_clock_set_timeout
 .text.sys_clock_elapsed
                0x0000000000004b2c       0x14 zephyr/drivers/timer/libdrivers__timer.a(nrf_rtc_timer.c.obj)
                0x0000000000004b2c                sys_clock_elapsed
 .text.sys_clock_disable
                0x0000000000004b40       0x30 zephyr/drivers/timer/libdrivers__timer.a(nrf_rtc_timer.c.obj)
                0x0000000000004b40                sys_clock_disable
 .text.k_sys_fatal_error_handler
                0x0000000000004b70       0x2c modules/nrf/lib/fatal_error/lib..__nrf__lib__fatal_error.a(fatal_error.c.obj)
                0x0000000000004b70                k_sys_fatal_error_handler
 .text.nrf52_errata_98
                0x0000000000004b9c       0x24 modules/hal_nordic/nrfx/libmodules__hal_nordic__nrfx.a(system_nrf52840.c.obj)
 .text.nvmc_wait
                0x0000000000004bc0       0x10 modules/hal_nordic/nrfx/libmodules__hal_nordic__nrfx.a(system_nrf52840.c.obj)
                0x0000000000004bc0                nvmc_wait
 .text.SystemInit
                0x0000000000004bd0      0x1bc modules/hal_nordic/nrfx/libmodules__hal_nordic__nrfx.a(system_nrf52840.c.obj)
                0x0000000000004bd0                SystemInit
 .text.nrfx_flag32_alloc
                0x0000000000004d8c       0x48 modules/hal_nordic/nrfx/libmodules__hal_nordic__nrfx.a(nrfx_flag32_allocator.c.obj)
                0x0000000000004d8c                nrfx_flag32_alloc
 .text.nrfx_flag32_free
                0x0000000000004dd4       0x40 modules/hal_nordic/nrfx/libmodules__hal_nordic__nrfx.a(nrfx_flag32_allocator.c.obj)
                0x0000000000004dd4                nrfx_flag32_free
 .text.nrfx_gppi_channels_enable
                0x0000000000004e14        0xc modules/hal_nordic/nrfx/libmodules__hal_nordic__nrfx.a(nrfx_gppi_ppi.c.obj)
                0x0000000000004e14                nrfx_gppi_channels_enable
 .text.clock_stop
                0x0000000000004e20       0xc4 modules/hal_nordic/nrfx/libmodules__hal_nordic__nrfx.a(nrfx_clock.c.obj)
 .text.nrfx_clock_init
                0x0000000000004ee4       0x20 modules/hal_nordic/nrfx/libmodules__hal_nordic__nrfx.a(nrfx_clock.c.obj)
                0x0000000000004ee4                nrfx_clock_init
 .text.nrfx_power_clock_irq_handler
                0x0000000000004f04       0x68 modules/hal_nordic/nrfx/libmodules__hal_nordic__nrfx.a(nrfx_clock.c.obj)
                0x0000000000004f04                nrfx_power_clock_irq_handler
 .text.nrf_gpio_pin_port_decode
                0x0000000000004f6c       0x20 modules/hal_nordic/nrfx/libmodules__hal_nordic__nrfx.a(nrfx_gpiote.c.obj)
 .text.get_pin_idx
                0x0000000000004f8c       0x14 modules/hal_nordic/nrfx/libmodules__hal_nordic__nrfx.a(nrfx_gpiote.c.obj)
 .text.pin_in_use_by_te
                0x0000000000004fa0       0x18 modules/hal_nordic/nrfx/libmodules__hal_nordic__nrfx.a(nrfx_gpiote.c.obj)
 .text.pin_is_output
                0x0000000000004fb8       0x18 modules/hal_nordic/nrfx/libmodules__hal_nordic__nrfx.a(nrfx_gpiote.c.obj)
 .text.pin_te_get
                0x0000000000004fd0       0x18 modules/hal_nordic/nrfx/libmodules__hal_nordic__nrfx.a(nrfx_gpiote.c.obj)
 .text.call_handler
                0x0000000000004fe8       0x40 modules/hal_nordic/nrfx/libmodules__hal_nordic__nrfx.a(nrfx_gpiote.c.obj)
 .text.release_handler
                0x0000000000005028       0x58 modules/hal_nordic/nrfx/libmodules__hal_nordic__nrfx.a(nrfx_gpiote.c.obj)
 .text.__nrfy_internal_gpiote_events_process.constprop.0
                0x0000000000005080       0x54 modules/hal_nordic/nrfx/libmodules__hal_nordic__nrfx.a(nrfx_gpiote.c.obj)
 .text.nrfx_gpiote_input_configure
                0x00000000000050d4      0x180 modules/hal_nordic/nrfx/libmodules__hal_nordic__nrfx.a(nrfx_gpiote.c.obj)
                0x00000000000050d4                nrfx_gpiote_input_configure
 .text.nrfx_gpiote_output_configure
                0x0000000000005254       0xf4 modules/hal_nordic/nrfx/libmodules__hal_nordic__nrfx.a(nrfx_gpiote.c.obj)
                0x0000000000005254                nrfx_gpiote_output_configure
 .text.nrfx_gpiote_global_callback_set
                0x0000000000005348        0xc modules/hal_nordic/nrfx/libmodules__hal_nordic__nrfx.a(nrfx_gpiote.c.obj)
                0x0000000000005348                nrfx_gpiote_global_callback_set
 .text.nrfx_gpiote_channel_get
                0x0000000000005354       0x30 modules/hal_nordic/nrfx/libmodules__hal_nordic__nrfx.a(nrfx_gpiote.c.obj)
                0x0000000000005354                nrfx_gpiote_channel_get
 .text.nrfx_gpiote_init
                0x0000000000005384       0x50 modules/hal_nordic/nrfx/libmodules__hal_nordic__nrfx.a(nrfx_gpiote.c.obj)
                0x0000000000005384                nrfx_gpiote_init
 .text.nrfx_gpiote_is_init
                0x00000000000053d4       0x14 modules/hal_nordic/nrfx/libmodules__hal_nordic__nrfx.a(nrfx_gpiote.c.obj)
                0x00000000000053d4                nrfx_gpiote_is_init
 .text.nrfx_gpiote_channel_free
                0x00000000000053e8        0xc modules/hal_nordic/nrfx/libmodules__hal_nordic__nrfx.a(nrfx_gpiote.c.obj)
                0x00000000000053e8                nrfx_gpiote_channel_free
 .text.nrfx_gpiote_channel_alloc
                0x00000000000053f4        0xc modules/hal_nordic/nrfx/libmodules__hal_nordic__nrfx.a(nrfx_gpiote.c.obj)
                0x00000000000053f4                nrfx_gpiote_channel_alloc
 .text.nrfx_gpiote_trigger_enable
                0x0000000000005400       0x9c modules/hal_nordic/nrfx/libmodules__hal_nordic__nrfx.a(nrfx_gpiote.c.obj)
                0x0000000000005400                nrfx_gpiote_trigger_enable
 .text.nrfx_gpiote_trigger_disable
                0x000000000000549c       0x4c modules/hal_nordic/nrfx/libmodules__hal_nordic__nrfx.a(nrfx_gpiote.c.obj)
                0x000000000000549c                nrfx_gpiote_trigger_disable
 .text.nrfx_gpiote_pin_uninit
                0x00000000000054e8       0x80 modules/hal_nordic/nrfx/libmodules__hal_nordic__nrfx.a(nrfx_gpiote.c.obj)
                0x00000000000054e8                nrfx_gpiote_pin_uninit
 .text.nrfx_gpiote_irq_handler
                0x0000000000005568      0x1a8 modules/hal_nordic/nrfx/libmodules__hal_nordic__nrfx.a(nrfx_gpiote.c.obj)
                0x0000000000005568                nrfx_gpiote_irq_handler
 .text.nrfx_ppi_channel_alloc
                0x0000000000005710        0xc modules/hal_nordic/nrfx/libmodules__hal_nordic__nrfx.a(nrfx_ppi.c.obj)
                0x0000000000005710                nrfx_ppi_channel_alloc
 .text.nrf_gpio_cfg_input.constprop.0
                0x000000000000571c       0x3c modules/hal_nordic/nrfx/libmodules__hal_nordic__nrfx.a(nrfx_qdec.c.obj)
 .text.nrfx_qdec_init
                0x0000000000005758       0x40 modules/hal_nordic/nrfx/libmodules__hal_nordic__nrfx.a(nrfx_qdec.c.obj)
                0x0000000000005758                nrfx_qdec_init
 .text.nrfx_qdec_enable
                0x0000000000005798       0x20 modules/hal_nordic/nrfx/libmodules__hal_nordic__nrfx.a(nrfx_qdec.c.obj)
                0x0000000000005798                nrfx_qdec_enable
 .text.nrfx_qdec_0_irq_handler
                0x00000000000057b8       0xb4 modules/hal_nordic/nrfx/libmodules__hal_nordic__nrfx.a(nrfx_qdec.c.obj)
                0x00000000000057b8                nrfx_qdec_0_irq_handler
 .text.nrf_gpio_cfg.constprop.0
                0x000000000000586c       0x48 modules/hal_nordic/nrfx/libmodules__hal_nordic__nrfx.a(nrfx_twi.c.obj)
 .text.twi_configure
                0x00000000000058b4       0x3c modules/hal_nordic/nrfx/libmodules__hal_nordic__nrfx.a(nrfx_twi.c.obj)
 .text.twi_tx_start_transfer
                0x00000000000058f0      0x104 modules/hal_nordic/nrfx/libmodules__hal_nordic__nrfx.a(nrfx_twi.c.obj)
 .text.twi_rx_start_transfer
                0x00000000000059f4       0xe4 modules/hal_nordic/nrfx/libmodules__hal_nordic__nrfx.a(nrfx_twi.c.obj)
 .text.nrfx_twi_init
                0x0000000000005ad8       0x88 modules/hal_nordic/nrfx/libmodules__hal_nordic__nrfx.a(nrfx_twi.c.obj)
                0x0000000000005ad8                nrfx_twi_init
 .text.nrfx_twi_enable
                0x0000000000005b60       0x20 modules/hal_nordic/nrfx/libmodules__hal_nordic__nrfx.a(nrfx_twi.c.obj)
                0x0000000000005b60                nrfx_twi_enable
 .text.nrfx_twi_disable
                0x0000000000005b80       0x38 modules/hal_nordic/nrfx/libmodules__hal_nordic__nrfx.a(nrfx_twi.c.obj)
                0x0000000000005b80                nrfx_twi_disable
 .text.nrfx_twi_xfer
                0x0000000000005bb8       0xdc modules/hal_nordic/nrfx/libmodules__hal_nordic__nrfx.a(nrfx_twi.c.obj)
                0x0000000000005bb8                nrfx_twi_xfer
 .text.nrfx_twi_0_irq_handler
                0x0000000000005c94       0xd8 modules/hal_nordic/nrfx/libmodules__hal_nordic__nrfx.a(nrfx_twi.c.obj)
                0x0000000000005c94                nrfx_twi_0_irq_handler
 .text.nrf_gpio_pin_port_decode
                0x0000000000005d6c       0x20 modules/hal_nordic/nrfx/libmodules__hal_nordic__nrfx.a(nrfx_twi_twim.c.obj)
 .text.nrfx_twi_twim_bus_recover
                0x0000000000005d8c       0xdc modules/hal_nordic/nrfx/libmodules__hal_nordic__nrfx.a(nrfx_twi_twim.c.obj)
                0x0000000000005d8c                nrfx_twi_twim_bus_recover
 .text._DoInit  0x0000000000005e68       0x60 modules/segger/libmodules__segger.a(SEGGER_RTT.c.obj)
 .text.SEGGER_RTT_WriteSkipNoLock
                0x0000000000005ec8       0x88 modules/segger/libmodules__segger.a(SEGGER_RTT.c.obj)
                0x0000000000005ec8                SEGGER_RTT_WriteSkipNoLock
 .text.SEGGER_RTT_HasDataUp
                0x0000000000005f50       0x14 modules/segger/libmodules__segger.a(SEGGER_RTT.c.obj)
                0x0000000000005f50                SEGGER_RTT_HasDataUp
 .text.zephyr_rtt_mutex_lock
                0x0000000000005f64       0x14 modules/segger/libmodules__segger.a(SEGGER_RTT_zephyr.c.obj)
                0x0000000000005f64                zephyr_rtt_mutex_lock
 .text.zephyr_rtt_mutex_unlock
                0x0000000000005f78        0xc modules/segger/libmodules__segger.a(SEGGER_RTT_zephyr.c.obj)
                0x0000000000005f78                zephyr_rtt_mutex_unlock
 .text.z_fatal_error
                0x0000000000005f84      0x100 zephyr/kernel/libkernel.a(fatal.c.obj)
                0x0000000000005f84                z_fatal_error
 .text.z_sys_init_run_level
                0x0000000000006084       0x48 zephyr/kernel/libkernel.a(init.c.obj)
 .text.bg_thread_main
                0x00000000000060cc       0x34 zephyr/kernel/libkernel.a(init.c.obj)
 .text.z_bss_zero
                0x0000000000006100       0x18 zephyr/kernel/libkernel.a(init.c.obj)
                0x0000000000006100                z_bss_zero
 .text.z_init_cpu
                0x0000000000006118       0x8c zephyr/kernel/libkernel.a(init.c.obj)
                0x0000000000006118                z_init_cpu
 .text.z_cstart
                0x00000000000061a4       0xe0 zephyr/kernel/libkernel.a(init.c.obj)
                0x00000000000061a4                z_cstart
 .text.init_mem_slab_module
                0x0000000000006284       0x24 zephyr/kernel/libkernel.a(mem_slab.c.obj)
 .text.k_mem_slab_alloc
                0x00000000000062a8       0x5c zephyr/kernel/libkernel.a(mem_slab.c.obj)
                0x00000000000062a8                k_mem_slab_alloc
 .text.z_setup_new_thread
                0x0000000000006304       0x80 zephyr/kernel/libkernel.a(thread.c.obj)
                0x0000000000006304                z_setup_new_thread
 .text.z_impl_k_thread_create
                0x0000000000006384       0x58 zephyr/kernel/libkernel.a(thread.c.obj)
                0x0000000000006384                z_impl_k_thread_create
 .text.z_init_static_threads
                0x00000000000063dc       0xb8 zephyr/kernel/libkernel.a(thread.c.obj)
                0x00000000000063dc                z_init_static_threads
 .text.z_impl_k_mutex_lock
                0x0000000000006494       0xf4 zephyr/kernel/libkernel.a(mutex.c.obj)
                0x0000000000006494                z_impl_k_mutex_lock
 .text.z_impl_k_mutex_unlock
                0x0000000000006588       0x78 zephyr/kernel/libkernel.a(mutex.c.obj)
                0x0000000000006588                z_impl_k_mutex_unlock
 .text.z_impl_k_sem_give
                0x0000000000006600       0x48 zephyr/kernel/libkernel.a(sem.c.obj)
                0x0000000000006600                z_impl_k_sem_give
 .text.z_impl_k_sem_take
                0x0000000000006648       0x50 zephyr/kernel/libkernel.a(sem.c.obj)
                0x0000000000006648                z_impl_k_sem_take
 .text.z_impl_k_sem_reset
                0x0000000000006698       0x3c zephyr/kernel/libkernel.a(sem.c.obj)
                0x0000000000006698                z_impl_k_sem_reset
 .text.work_queue_main
                0x00000000000066d4      0x138 zephyr/kernel/libkernel.a(work.c.obj)
 .text.submit_to_queue_locked
                0x000000000000680c       0xb4 zephyr/kernel/libkernel.a(work.c.obj)
 .text.k_work_queue_start
                0x00000000000068c0       0x70 zephyr/kernel/libkernel.a(work.c.obj)
                0x00000000000068c0                k_work_queue_start
 .text.k_work_schedule_for_queue
                0x0000000000006930       0x54 zephyr/kernel/libkernel.a(work.c.obj)
                0x0000000000006930                k_work_schedule_for_queue
 .text.k_work_schedule
                0x0000000000006984        0xc zephyr/kernel/libkernel.a(work.c.obj)
                0x0000000000006984                k_work_schedule
 .text.k_work_reschedule_for_queue
                0x0000000000006990       0x5c zephyr/kernel/libkernel.a(work.c.obj)
                0x0000000000006990                k_work_reschedule_for_queue
 .text.k_work_reschedule
                0x00000000000069ec        0xc zephyr/kernel/libkernel.a(work.c.obj)
                0x00000000000069ec                k_work_reschedule
 .text.sliceable
                0x00000000000069f8       0x3c zephyr/kernel/libkernel.a(sched.c.obj)
 .text.slice_timeout
                0x0000000000006a34       0x20 zephyr/kernel/libkernel.a(sched.c.obj)
 .text.z_reset_time_slice
                0x0000000000006a54       0x50 zephyr/kernel/libkernel.a(sched.c.obj)
                0x0000000000006a54                z_reset_time_slice
 .text.update_cache
                0x0000000000006aa4       0x3c zephyr/kernel/libkernel.a(sched.c.obj)
 .text.move_thread_to_end_of_prio_q
                0x0000000000006ae0       0x74 zephyr/kernel/libkernel.a(sched.c.obj)
 .text.ready_thread
                0x0000000000006b54       0x68 zephyr/kernel/libkernel.a(sched.c.obj)
 .text.unready_thread
                0x0000000000006bbc       0x30 zephyr/kernel/libkernel.a(sched.c.obj)
 .text.pend_locked
                0x0000000000006bec       0x30 zephyr/kernel/libkernel.a(sched.c.obj)
 .text.z_time_slice
                0x0000000000006c1c       0x60 zephyr/kernel/libkernel.a(sched.c.obj)
                0x0000000000006c1c                z_time_slice
 .text.z_pend_curr
                0x0000000000006c7c       0x3c zephyr/kernel/libkernel.a(sched.c.obj)
                0x0000000000006c7c                z_pend_curr
 .text.z_set_prio
                0x0000000000006cb8       0x8c zephyr/kernel/libkernel.a(sched.c.obj)
                0x0000000000006cb8                z_set_prio
 .text.z_reschedule
                0x0000000000006d44       0x24 zephyr/kernel/libkernel.a(sched.c.obj)
                0x0000000000006d44                z_reschedule
 .text.z_sched_start
                0x0000000000006d68       0x3c zephyr/kernel/libkernel.a(sched.c.obj)
                0x0000000000006d68                z_sched_start
 .text.z_impl_k_thread_suspend
                0x0000000000006da4       0x64 zephyr/kernel/libkernel.a(sched.c.obj)
                0x0000000000006da4                z_impl_k_thread_suspend
 .text.k_sched_lock
                0x0000000000006e08       0x28 zephyr/kernel/libkernel.a(sched.c.obj)
                0x0000000000006e08                k_sched_lock
 .text.k_sched_unlock
                0x0000000000006e30       0x38 zephyr/kernel/libkernel.a(sched.c.obj)
                0x0000000000006e30                k_sched_unlock
 .text.z_sched_init
                0x0000000000006e68       0x10 zephyr/kernel/libkernel.a(sched.c.obj)
                0x0000000000006e68                z_sched_init
 .text.z_impl_k_yield
                0x0000000000006e78       0x7c zephyr/kernel/libkernel.a(sched.c.obj)
                0x0000000000006e78                z_impl_k_yield
 .text.z_tick_sleep
                0x0000000000006ef4       0x88 zephyr/kernel/libkernel.a(sched.c.obj)
 .text.z_impl_k_sleep
                0x0000000000006f7c       0x34 zephyr/kernel/libkernel.a(sched.c.obj)
                0x0000000000006f7c                z_impl_k_sleep
 .text.z_impl_z_current_get
                0x0000000000006fb0        0xc zephyr/kernel/libkernel.a(sched.c.obj)
                0x0000000000006fb0                z_impl_z_current_get
 .text.z_thread_abort
                0x0000000000006fbc       0xc0 zephyr/kernel/libkernel.a(sched.c.obj)
                0x0000000000006fbc                z_thread_abort
 .text.z_sched_wait
                0x000000000000707c       0x24 zephyr/kernel/libkernel.a(sched.c.obj)
                0x000000000000707c                z_sched_wait
 .text.z_data_copy
                0x00000000000070a0       0x34 zephyr/kernel/libkernel.a(xip.c.obj)
                0x00000000000070a0                z_data_copy
 .text.elapsed  0x00000000000070d4       0x14 zephyr/kernel/libkernel.a(timeout.c.obj)
 .text.next_timeout
                0x00000000000070e8       0x40 zephyr/kernel/libkernel.a(timeout.c.obj)
 .text.remove_timeout
                0x0000000000007128       0x38 zephyr/kernel/libkernel.a(timeout.c.obj)
 .text.z_add_timeout
                0x0000000000007160       0xec zephyr/kernel/libkernel.a(timeout.c.obj)
                0x0000000000007160                z_add_timeout
 .text.sys_clock_announce
                0x000000000000724c       0xd4 zephyr/kernel/libkernel.a(timeout.c.obj)
                0x000000000000724c                sys_clock_announce
 .text.sys_clock_tick_get
                0x0000000000007320       0x34 zephyr/kernel/libkernel.a(timeout.c.obj)
                0x0000000000007320                sys_clock_tick_get
 .text.z_timer_expiration_handler
                0x0000000000007354       0xe4 zephyr/kernel/libkernel.a(timer.c.obj)
                0x0000000000007354                z_timer_expiration_handler
 .text.z_impl_k_timer_start
                0x0000000000007438       0x60 zephyr/kernel/libkernel.a(timer.c.obj)
                0x0000000000007438                z_impl_k_timer_start
 .text.boot_banner
                0x0000000000007498        0xc zephyr/kernel/libkernel.a(banner.c.obj)
                0x0000000000007498                boot_banner
 .text.k_sys_work_q_init
                0x00000000000074a4       0x34 zephyr/kernel/libkernel.a(system_work_q.c.obj)
 .text.nrf_cc3xx_platform_init_no_rng
                0x00000000000074d8       0x38 /opt/nordic/ncs/v2.5.0/nrfxlib/crypto/nrf_cc310_platform/lib/cortex-m4/soft-float/no-interrupts/libnrf_cc310_platform_0.9.18.a(nrf_cc3xx_platform.c.obj)
                0x00000000000074d8                nrf_cc3xx_platform_init_no_rng
 .text.nrf_cc3xx_platform_abort
                0x0000000000007510       0x24 /opt/nordic/ncs/v2.5.0/nrfxlib/crypto/nrf_cc310_platform/lib/cortex-m4/soft-float/no-interrupts/libnrf_cc310_platform_0.9.18.a(nrf_cc3xx_platform_abort.c.obj)
 .text.CC_PalAbort
                0x0000000000007534       0x34 /opt/nordic/ncs/v2.5.0/nrfxlib/crypto/nrf_cc310_platform/lib/cortex-m4/soft-float/no-interrupts/libnrf_cc310_platform_0.9.18.a(nrf_cc3xx_platform_abort.c.obj)
                0x0000000000007534                CC_PalAbort
 .text.nrf_cc3xx_platform_set_abort
                0x0000000000007568       0x10 /opt/nordic/ncs/v2.5.0/nrfxlib/crypto/nrf_cc310_platform/lib/cortex-m4/soft-float/no-interrupts/libnrf_cc310_platform_0.9.18.a(nrf_cc3xx_platform_abort.c.obj)
                0x0000000000007568                nrf_cc3xx_platform_set_abort
 .text.mutex_free
                0x0000000000007578       0x34 /opt/nordic/ncs/v2.5.0/nrfxlib/crypto/nrf_cc310_platform/lib/cortex-m4/soft-float/no-interrupts/libnrf_cc310_platform_0.9.18.a(nrf_cc3xx_platform_mutex.c.obj)
 .text.mutex_lock
                0x00000000000075ac       0x48 /opt/nordic/ncs/v2.5.0/nrfxlib/crypto/nrf_cc310_platform/lib/cortex-m4/soft-float/no-interrupts/libnrf_cc310_platform_0.9.18.a(nrf_cc3xx_platform_mutex.c.obj)
 .text.mutex_unlock
                0x00000000000075f4       0x38 /opt/nordic/ncs/v2.5.0/nrfxlib/crypto/nrf_cc310_platform/lib/cortex-m4/soft-float/no-interrupts/libnrf_cc310_platform_0.9.18.a(nrf_cc3xx_platform_mutex.c.obj)
 .text.mutex_init
                0x000000000000762c       0x20 /opt/nordic/ncs/v2.5.0/nrfxlib/crypto/nrf_cc310_platform/lib/cortex-m4/soft-float/no-interrupts/libnrf_cc310_platform_0.9.18.a(nrf_cc3xx_platform_mutex.c.obj)
 .text.nrf_cc3xx_platform_set_mutexes
                0x000000000000764c       0x74 /opt/nordic/ncs/v2.5.0/nrfxlib/crypto/nrf_cc310_platform/lib/cortex-m4/soft-float/no-interrupts/libnrf_cc310_platform_0.9.18.a(nrf_cc3xx_platform_mutex.c.obj)
                0x000000000000764c                nrf_cc3xx_platform_set_mutexes
 .text.CC_LibInitNoRng
                0x00000000000076c0       0x64 /opt/nordic/ncs/v2.5.0/nrfxlib/crypto/nrf_cc310_platform/lib/cortex-m4/soft-float/no-interrupts/libnrf_cc310_platform_0.9.18.a(cc_lib.c.obj)
                0x00000000000076c0                CC_LibInitNoRng
 .text.CC_HalInit
                0x0000000000007724        0x4 /opt/nordic/ncs/v2.5.0/nrfxlib/crypto/nrf_cc310_platform/lib/cortex-m4/soft-float/no-interrupts/libnrf_cc310_platform_0.9.18.a(cc_hal.c.obj)
                0x0000000000007724                CC_HalInit
 .text.CC_HalTerminate
                0x0000000000007728        0x4 /opt/nordic/ncs/v2.5.0/nrfxlib/crypto/nrf_cc310_platform/lib/cortex-m4/soft-float/no-interrupts/libnrf_cc310_platform_0.9.18.a(cc_hal.c.obj)
                0x0000000000007728                CC_HalTerminate
 .text.CC_HalMaskInterrupt
                0x000000000000772c        0xc /opt/nordic/ncs/v2.5.0/nrfxlib/crypto/nrf_cc310_platform/lib/cortex-m4/soft-float/no-interrupts/libnrf_cc310_platform_0.9.18.a(cc_hal.c.obj)
                0x000000000000772c                CC_HalMaskInterrupt
 .text.CC_PalInit
                0x0000000000007738       0x5c /opt/nordic/ncs/v2.5.0/nrfxlib/crypto/nrf_cc310_platform/lib/cortex-m4/soft-float/no-interrupts/libnrf_cc310_platform_0.9.18.a(cc_pal.c.obj)
                0x0000000000007738                CC_PalInit
 .text.CC_PalTerminate
                0x0000000000007794       0x34 /opt/nordic/ncs/v2.5.0/nrfxlib/crypto/nrf_cc310_platform/lib/cortex-m4/soft-float/no-interrupts/libnrf_cc310_platform_0.9.18.a(cc_pal.c.obj)
                0x0000000000007794                CC_PalTerminate
 .text.CC_PalDmaInit
                0x00000000000077c8        0x4 /opt/nordic/ncs/v2.5.0/nrfxlib/crypto/nrf_cc310_platform/lib/cortex-m4/soft-float/no-interrupts/libnrf_cc310_platform_0.9.18.a(cc_pal_dma.c.obj)
                0x00000000000077c8                CC_PalDmaInit
 .text.CC_PalDmaTerminate
                0x00000000000077cc        0x4 /opt/nordic/ncs/v2.5.0/nrfxlib/crypto/nrf_cc310_platform/lib/cortex-m4/soft-float/no-interrupts/libnrf_cc310_platform_0.9.18.a(cc_pal_dma.c.obj)
                0x00000000000077cc                CC_PalDmaTerminate
 .text.CC_PalMutexCreate
                0x00000000000077d0       0x14 /opt/nordic/ncs/v2.5.0/nrfxlib/crypto/nrf_cc310_platform/lib/cortex-m4/soft-float/no-interrupts/libnrf_cc310_platform_0.9.18.a(cc_pal_mutex.c.obj)
                0x00000000000077d0                CC_PalMutexCreate
 .text.CC_PalMutexDestroy
                0x00000000000077e4       0x14 /opt/nordic/ncs/v2.5.0/nrfxlib/crypto/nrf_cc310_platform/lib/cortex-m4/soft-float/no-interrupts/libnrf_cc310_platform_0.9.18.a(cc_pal_mutex.c.obj)
                0x00000000000077e4                CC_PalMutexDestroy
 .text.CC_PalPowerSaveModeInit
                0x00000000000077f8       0x3c /opt/nordic/ncs/v2.5.0/nrfxlib/crypto/nrf_cc310_platform/lib/cortex-m4/soft-float/no-interrupts/libnrf_cc310_platform_0.9.18.a(cc_pal_pm.c.obj)
                0x00000000000077f8                CC_PalPowerSaveModeInit
 .text.CC_PalPowerSaveModeSelect
                0x0000000000007834       0x84 /opt/nordic/ncs/v2.5.0/nrfxlib/crypto/nrf_cc310_platform/lib/cortex-m4/soft-float/no-interrupts/libnrf_cc310_platform_0.9.18.a(cc_pal_pm.c.obj)
                0x0000000000007834                CC_PalPowerSaveModeSelect
 .text.snprintf
                0x00000000000078b8       0x58 /opt/nordic/ncs/toolchains/20d68df7e5/opt/zephyr-sdk/arm-zephyr-eabi/bin/../lib/gcc/../../picolibc/arm-zephyr-eabi/lib/thumb/v7e-m/nofp/libc.a(libc_tinystdio_snprintf.c.o)
                0x00000000000078b8                snprintf
 .text.__i_vfprintf
                0x0000000000007910      0x490 /opt/nordic/ncs/toolchains/20d68df7e5/opt/zephyr-sdk/arm-zephyr-eabi/bin/../lib/gcc/../../picolibc/arm-zephyr-eabi/lib/thumb/v7e-m/nofp/libc.a(libc_tinystdio_vfiprintf.c.o)
                0x0000000000007910                __i_vfprintf
 .text.gpio_pin_configure_dt
                0x0000000000007da0       0x3e app/libapp.a(main.c.obj)
 .text.gpio_pin_interrupt_configure_dt.constprop.0
                0x0000000000007dde       0x2c app/libapp.a(main.c.obj)
 .text.k_sleep.isra.0
                0x0000000000007e0a        0x4 app/libapp.a(main.c.obj)
 .text.led_off.isra.0
                0x0000000000007e0e        0x6 app/libapp.a(main.c.obj)
 .text.led_on.isra.0
                0x0000000000007e14        0x6 app/libapp.a(main.c.obj)
 .text.gpio_pin_set_dt.isra.0
                0x0000000000007e1a       0x28 app/libapp.a(main.c.obj)
 .text.button_reset_callback
                0x0000000000007e42        0x4 app/libapp.a(main.c.obj)
                0x0000000000007e42                button_reset_callback
 .text.cbpprintf_external
                0x0000000000007e46       0x62 zephyr/libzephyr.a(cbprintf_packaged.c.obj)
                0x0000000000007e46                cbpprintf_external
 .text.is_ptr   0x0000000000007ea8       0x4a zephyr/libzephyr.a(cbprintf_packaged.c.obj)
                0x0000000000007ea8                is_ptr
 .text.arch_printk_char_out
                0x0000000000007ef2        0x4 zephyr/libzephyr.a(printk.c.obj)
                0x0000000000007ef2                arch_printk_char_out
 .text.printk   0x0000000000007ef6       0x1a zephyr/libzephyr.a(printk.c.obj)
                0x0000000000007ef6                printk
 .text.chunk_size
                0x0000000000007f10        0xa zephyr/libzephyr.a(heap.c.obj)
 .text.free_list_add
                0x0000000000007f1a       0x4e zephyr/libzephyr.a(heap.c.obj)
 .text.sys_heap_init
                0x0000000000007f68       0x7a zephyr/libzephyr.a(heap.c.obj)
                0x0000000000007f68                sys_heap_init
 .text.process_recheck
                0x0000000000007fe2       0x38 zephyr/libzephyr.a(onoff.c.obj)
 .text.validate_args
                0x000000000000801a       0x20 zephyr/libzephyr.a(onoff.c.obj)
 .text.notify_one
                0x000000000000803a       0x2c zephyr/libzephyr.a(onoff.c.obj)
 .text.transition_complete
                0x0000000000008066       0x1c zephyr/libzephyr.a(onoff.c.obj)
 .text.onoff_manager_init
                0x0000000000008082       0x26 zephyr/libzephyr.a(onoff.c.obj)
                0x0000000000008082                onoff_manager_init
 .text.onoff_request
                0x00000000000080a8       0xb0 zephyr/libzephyr.a(onoff.c.obj)
                0x00000000000080a8                onoff_request
 .text.onoff_release
                0x0000000000008158       0x4a zephyr/libzephyr.a(onoff.c.obj)
                0x0000000000008158                onoff_release
 .text.sys_notify_validate
                0x00000000000081a2       0x22 zephyr/libzephyr.a(notify.c.obj)
                0x00000000000081a2                sys_notify_validate
 .text.sys_notify_finalize
                0x00000000000081c4       0x1a zephyr/libzephyr.a(notify.c.obj)
                0x00000000000081c4                sys_notify_finalize
 .text.free_space
                0x00000000000081de       0x26 zephyr/libzephyr.a(mpsc_pbuf.c.obj)
 .text.get_usage
                0x0000000000008204       0x22 zephyr/libzephyr.a(mpsc_pbuf.c.obj)
 .text.idx_inc  0x0000000000008226       0x1c zephyr/libzephyr.a(mpsc_pbuf.c.obj)
 .text.rd_idx_inc
                0x0000000000008242       0x18 zephyr/libzephyr.a(mpsc_pbuf.c.obj)
 .text.add_skip_item
                0x000000000000825a       0x3a zephyr/libzephyr.a(mpsc_pbuf.c.obj)
 .text.drop_item_locked
                0x0000000000008294       0xee zephyr/libzephyr.a(mpsc_pbuf.c.obj)
 .text.post_drop_action
                0x0000000000008382       0x36 zephyr/libzephyr.a(mpsc_pbuf.c.obj)
 .text.max_utilization_update
                0x00000000000083b8       0x1a zephyr/libzephyr.a(mpsc_pbuf.c.obj)
 .text.mpsc_pbuf_init
                0x00000000000083d2       0x42 zephyr/libzephyr.a(mpsc_pbuf.c.obj)
                0x00000000000083d2                mpsc_pbuf_init
 .text.mpsc_pbuf_alloc
                0x0000000000008414       0xfc zephyr/libzephyr.a(mpsc_pbuf.c.obj)
                0x0000000000008414                mpsc_pbuf_alloc
 .text.mpsc_pbuf_commit
                0x0000000000008510       0x40 zephyr/libzephyr.a(mpsc_pbuf.c.obj)
                0x0000000000008510                mpsc_pbuf_commit
 .text.mpsc_pbuf_claim
                0x0000000000008550       0xa4 zephyr/libzephyr.a(mpsc_pbuf.c.obj)
                0x0000000000008550                mpsc_pbuf_claim
 .text.mpsc_pbuf_free
                0x00000000000085f4       0x78 zephyr/libzephyr.a(mpsc_pbuf.c.obj)
                0x00000000000085f4                mpsc_pbuf_free
 .text.mpsc_pbuf_is_pending
                0x000000000000866c       0x1a zephyr/libzephyr.a(mpsc_pbuf.c.obj)
                0x000000000000866c                mpsc_pbuf_is_pending
 .text._ConfigAbsSyms
                0x0000000000008686        0x2 zephyr/libzephyr.a(configs.c.obj)
                0x0000000000008686                _ConfigAbsSyms
 .text.log_msg_generic_get_wlen
                0x0000000000008688       0x20 zephyr/libzephyr.a(log_core.c.obj)
 .text.dummy_timestamp
                0x00000000000086a8        0x4 zephyr/libzephyr.a(log_core.c.obj)
 .text.default_get_timestamp
                0x00000000000086ac        0x4 zephyr/libzephyr.a(log_core.c.obj)
 .text.atomic_inc
                0x00000000000086b0       0x1a zephyr/libzephyr.a(log_core.c.obj)
 .text.z_log_vprintk
                0x00000000000086ca       0x1c zephyr/libzephyr.a(log_core.c.obj)
                0x00000000000086ca                z_log_vprintk
 .text.z_log_notify_drop
                0x00000000000086e6        0x6 zephyr/libzephyr.a(log_core.c.obj)
 .text.z_log_get_tag
                0x00000000000086ec        0x4 zephyr/libzephyr.a(log_core.c.obj)
                0x00000000000086ec                z_log_get_tag
 .text.z_cbprintf_cpy
                0x00000000000086f0       0x2c zephyr/libzephyr.a(log_msg.c.obj)
 .text.z_log_msg_finalize
                0x000000000000871c       0x32 zephyr/libzephyr.a(log_msg.c.obj)
                0x000000000000871c                z_log_msg_finalize
 .text.buffer_write
                0x000000000000874e       0x1a zephyr/libzephyr.a(log_output.c.obj)
 .text.log_output_flush
                0x0000000000008768       0x1a zephyr/libzephyr.a(log_output.c.obj)
                0x0000000000008768                log_output_flush
 .text.out_func
                0x0000000000008782       0x36 zephyr/libzephyr.a(log_output.c.obj)
 .text.cr_out_func
                0x00000000000087b8       0x1c zephyr/libzephyr.a(log_output.c.obj)
 .text.log_backend_uart_init
                0x00000000000087d4        0x2 zephyr/libzephyr.a(log_backend_uart.c.obj)
 .text.abort_function
                0x00000000000087d6        0x8 zephyr/libzephyr.a(nrf_cc3xx_platform_abort_zephyr.c.obj)
 .text.z_do_kernel_oops
                0x00000000000087de        0x8 zephyr/arch/arch/arm/core/aarch32/libarch__arm__core__aarch32.a(fatal.c.obj)
                0x00000000000087de                z_do_kernel_oops
 .text.z_irq_spurious
                0x00000000000087e6        0x8 zephyr/arch/arch/arm/core/aarch32/libarch__arm__core__aarch32.a(irq_manage.c.obj)
                0x00000000000087e6                z_irq_spurious
 .text.z_arm_nmi
                0x00000000000087ee        0xe zephyr/arch/arch/arm/core/aarch32/libarch__arm__core__aarch32.a(nmi.c.obj)
                0x00000000000087ee                z_arm_nmi
 .text.z_log_msg_static_create.constprop.0
                0x00000000000087fc        0x6 zephyr/arch/arch/arm/core/aarch32/cortex_m/libarch__arm__core__aarch32__cortex_m.a(fault.c.obj)
 .text.cbputc   0x0000000000008802        0xc zephyr/lib/libc/picolibc/liblib__libc__picolibc.a(libc-hooks.c.obj)
 .text.picolibc_put
                0x000000000000880e        0xa zephyr/lib/libc/picolibc/liblib__libc__picolibc.a(libc-hooks.c.obj)
 .text.get_status
                0x0000000000008818       0x12 zephyr/drivers/clock_control/libdrivers__clock_control.a(clock_control_nrf.c.obj)
 .text.set_on_state
                0x000000000000882a       0x26 zephyr/drivers/clock_control/libdrivers__clock_control.a(clock_control_nrf.c.obj)
 .text.stop     0x0000000000008850       0x52 zephyr/drivers/clock_control/libdrivers__clock_control.a(clock_control_nrf.c.obj)
 .text.api_stop
                0x00000000000088a2        0x6 zephyr/drivers/clock_control/libdrivers__clock_control.a(clock_control_nrf.c.obj)
 .text.async_start
                0x00000000000088a8       0x5c zephyr/drivers/clock_control/libdrivers__clock_control.a(clock_control_nrf.c.obj)
 .text.api_start
                0x0000000000008904        0xe zephyr/drivers/clock_control/libdrivers__clock_control.a(clock_control_nrf.c.obj)
 .text.onoff_started_callback
                0x0000000000008912       0x12 zephyr/drivers/clock_control/libdrivers__clock_control.a(clock_control_nrf.c.obj)
 .text.lfclk_start
                0x0000000000008924        0x6 zephyr/drivers/clock_control/libdrivers__clock_control.a(clock_control_nrf.c.obj)
 .text.lfclk_stop
                0x000000000000892a        0x6 zephyr/drivers/clock_control/libdrivers__clock_control.a(clock_control_nrf.c.obj)
 .text.blocking_start_callback
                0x0000000000008930        0x6 zephyr/drivers/clock_control/libdrivers__clock_control.a(clock_control_nrf.c.obj)
 .text.gpio_nrfx_port_get_raw
                0x0000000000008936        0xe zephyr/drivers/gpio/libdrivers__gpio.a(gpio_nrfx.c.obj)
 .text.gpio_nrfx_port_set_masked_raw
                0x0000000000008944       0x18 zephyr/drivers/gpio/libdrivers__gpio.a(gpio_nrfx.c.obj)
 .text.gpio_nrfx_port_set_bits_raw
                0x000000000000895c        0xc zephyr/drivers/gpio/libdrivers__gpio.a(gpio_nrfx.c.obj)
 .text.gpio_nrfx_port_clear_bits_raw
                0x0000000000008968        0xc zephyr/drivers/gpio/libdrivers__gpio.a(gpio_nrfx.c.obj)
 .text.gpio_nrfx_port_toggle_bits
                0x0000000000008974       0x1a zephyr/drivers/gpio/libdrivers__gpio.a(gpio_nrfx.c.obj)
 .text.gpio_nrfx_manage_callback
                0x000000000000898e       0x52 zephyr/drivers/gpio/libdrivers__gpio.a(gpio_nrfx.c.obj)
 .text.kscan_ht16k33_config
                0x00000000000089e0        0xc zephyr/drivers/kscan/libdrivers__kscan.a(kscan_ht16k33.c.obj)
 .text.kscan_ht16k33_init
                0x00000000000089ec       0x18 zephyr/drivers/kscan/libdrivers__kscan.a(kscan_ht16k33.c.obj)
 .text.ht16k33_timer_callback
                0x0000000000008a04        0x6 zephyr/drivers/led/libdrivers__led.a(ht16k33.c.obj)
 .text.z_log_msg_static_create.constprop.0
                0x0000000000008a0a        0x6 zephyr/drivers/led/libdrivers__led.a(ht16k33.c.obj)
 .text.ht16k33_irq_callback
                0x0000000000008a10        0x8 zephyr/drivers/led/libdrivers__led.a(ht16k33.c.obj)
 .text.i2c_write_dt
                0x0000000000008a18       0x20 zephyr/drivers/led/libdrivers__led.a(ht16k33.c.obj)
 .text.ht16k33_led_set_brightness
                0x0000000000008a38       0x40 zephyr/drivers/led/libdrivers__led.a(ht16k33.c.obj)
 .text.ht16k33_led_off
                0x0000000000008a78        0x6 zephyr/drivers/led/libdrivers__led.a(ht16k33.c.obj)
 .text.ht16k33_led_on
                0x0000000000008a7e        0x6 zephyr/drivers/led/libdrivers__led.a(ht16k33.c.obj)
 .text.ht16k33_register_keyscan_callback
                0x0000000000008a84       0x28 zephyr/drivers/led/libdrivers__led.a(ht16k33.c.obj)
                0x0000000000008a84                ht16k33_register_keyscan_callback
 .text.led_gpio_set_brightness
                0x0000000000008aac       0x42 zephyr/drivers/led/libdrivers__led.a(led_gpio.c.obj)
 .text.led_gpio_on
                0x0000000000008aee        0x6 zephyr/drivers/led/libdrivers__led.a(led_gpio.c.obj)
 .text.led_gpio_off
                0x0000000000008af4        0x6 zephyr/drivers/led/libdrivers__led.a(led_gpio.c.obj)
 .text.pinctrl_lookup_state
                0x0000000000008afa       0x26 zephyr/drivers/pinctrl/libdrivers__pinctrl.a(common.c.obj)
                0x0000000000008afa                pinctrl_lookup_state
 .text.qdec_nrfx_trigger_set
                0x0000000000008b20       0x3a zephyr/drivers/sensor/qdec_nrfx/libdrivers__sensor__qdec_nrfx.a(qdec_nrfx.c.obj)
 .text.qdec_nrfx_sample_fetch
                0x0000000000008b5a       0x2c zephyr/drivers/sensor/qdec_nrfx/libdrivers__sensor__qdec_nrfx.a(qdec_nrfx.c.obj)
 .text.irq_connect0
                0x0000000000008b86        0xa zephyr/drivers/sensor/qdec_nrfx/libdrivers__sensor__qdec_nrfx.a(qdec_nrfx.c.obj)
 .text.uarte_nrfx_config_get
                0x0000000000008b90       0x10 zephyr/drivers/serial/libdrivers__serial.a(uart_nrfx_uarte.c.obj)
 .text.uarte_nrfx_err_check
                0x0000000000008ba0        0xe zephyr/drivers/serial/libdrivers__serial.a(uart_nrfx_uarte.c.obj)
 .text.uarte_nrfx_poll_in
                0x0000000000008bae       0x28 zephyr/drivers/serial/libdrivers__serial.a(uart_nrfx_uarte.c.obj)
 .text.is_tx_ready.isra.0
                0x0000000000008bd6       0x20 zephyr/drivers/serial/libdrivers__serial.a(uart_nrfx_uarte.c.obj)
 .text.uarte_nrfx_isr_int
                0x0000000000008bf6       0x72 zephyr/drivers/serial/libdrivers__serial.a(uart_nrfx_uarte.c.obj)
 .text.event_clear
                0x0000000000008c68       0x18 zephyr/drivers/timer/libdrivers__timer.a(nrf_rtc_timer.c.obj)
 .text.sys_clock_cycle_get_32
                0x0000000000008c80        0x8 zephyr/drivers/timer/libdrivers__timer.a(nrf_rtc_timer.c.obj)
                0x0000000000008c80                sys_clock_cycle_get_32
 .text.hw_cc3xx_init_internal
                0x0000000000008c88        0x4 modules/nrf/drivers/hw_cc310/lib..__nrf__drivers__hw_cc310.a(hw_cc310.c.obj)
 .text.hw_cc3xx_init
                0x0000000000008c8c       0x12 modules/nrf/drivers/hw_cc310/lib..__nrf__drivers__hw_cc310.a(hw_cc310.c.obj)
 .text.nrfx_isr
                0x0000000000008c9e        0x2 modules/hal_nordic/nrfx/libmodules__hal_nordic__nrfx.a(nrfx_glue.c.obj)
                0x0000000000008c9e                nrfx_isr
 .text.nrfx_busy_wait
                0x0000000000008ca0        0x4 modules/hal_nordic/nrfx/libmodules__hal_nordic__nrfx.a(nrfx_glue.c.obj)
                0x0000000000008ca0                nrfx_busy_wait
 .text.nrfx_gppi_channel_endpoints_setup
                0x0000000000008ca4       0x14 modules/hal_nordic/nrfx/libmodules__hal_nordic__nrfx.a(nrfx_gppi_ppi.c.obj)
                0x0000000000008ca4                nrfx_gppi_channel_endpoints_setup
 .text.nrfx_clock_enable
                0x0000000000008cb8       0x1a modules/hal_nordic/nrfx/libmodules__hal_nordic__nrfx.a(nrfx_clock.c.obj)
                0x0000000000008cb8                nrfx_clock_enable
 .text.nrfx_clock_start
                0x0000000000008cd2       0x78 modules/hal_nordic/nrfx/libmodules__hal_nordic__nrfx.a(nrfx_clock.c.obj)
                0x0000000000008cd2                nrfx_clock_start
 .text.nrfx_clock_stop
                0x0000000000008d4a        0x4 modules/hal_nordic/nrfx/libmodules__hal_nordic__nrfx.a(nrfx_clock.c.obj)
                0x0000000000008d4a                nrfx_clock_stop
 .text.nrf_gpio_reconfigure
                0x0000000000008d4e       0x92 modules/hal_nordic/nrfx/libmodules__hal_nordic__nrfx.a(nrfx_gpiote.c.obj)
 .text.nrf_gpio_cfg_sense_set
                0x0000000000008de0       0x1e modules/hal_nordic/nrfx/libmodules__hal_nordic__nrfx.a(nrfx_gpiote.c.obj)
 .text.qdec_configure
                0x0000000000008dfe       0xc8 modules/hal_nordic/nrfx/libmodules__hal_nordic__nrfx.a(nrfx_qdec.c.obj)
 .text.nrfx_qdec_accumulators_read
                0x0000000000008ec6       0x18 modules/hal_nordic/nrfx/libmodules__hal_nordic__nrfx.a(nrfx_qdec.c.obj)
                0x0000000000008ec6                nrfx_qdec_accumulators_read
 .text.twi_transfer
                0x0000000000008ede      0x130 modules/hal_nordic/nrfx/libmodules__hal_nordic__nrfx.a(nrfx_twi.c.obj)
 .text.nrf_gpio_pin_set
                0x000000000000900e       0x1a modules/hal_nordic/nrfx/libmodules__hal_nordic__nrfx.a(nrfx_twi_twim.c.obj)
 .text.SEGGER_RTT_Init
                0x0000000000009028        0x4 modules/segger/libmodules__segger.a(SEGGER_RTT.c.obj)
                0x0000000000009028                SEGGER_RTT_Init
 .text.rtt_init
                0x000000000000902c        0xa modules/segger/libmodules__segger.a(SEGGER_RTT_zephyr.c.obj)
 .text.z_impl_k_busy_wait
                0x0000000000009036        0x8 zephyr/kernel/libkernel.a(busy_wait.c.obj)
                0x0000000000009036                z_impl_k_busy_wait
 .text.z_device_state_init
                0x000000000000903e        0x2 zephyr/kernel/libkernel.a(device.c.obj)
                0x000000000000903e                z_device_state_init
 .text.z_device_is_ready
                0x0000000000009040       0x16 zephyr/kernel/libkernel.a(device.c.obj)
                0x0000000000009040                z_device_is_ready
 .text.z_early_memset
                0x0000000000009056        0x4 zephyr/kernel/libkernel.a(init.c.obj)
                0x0000000000009056                z_early_memset
 .text.z_early_memcpy
                0x000000000000905a        0x4 zephyr/kernel/libkernel.a(init.c.obj)
                0x000000000000905a                z_early_memcpy
 .text.create_free_list
                0x000000000000905e       0x2c zephyr/kernel/libkernel.a(mem_slab.c.obj)
 .text.k_mem_slab_init
                0x000000000000908a       0x1c zephyr/kernel/libkernel.a(mem_slab.c.obj)
                0x000000000000908a                k_mem_slab_init
 .text.k_mem_slab_free
                0x00000000000090a6       0x4c zephyr/kernel/libkernel.a(mem_slab.c.obj)
                0x00000000000090a6                k_mem_slab_free
 .text.k_is_in_isr
                0x00000000000090f2        0xc zephyr/kernel/libkernel.a(thread.c.obj)
                0x00000000000090f2                k_is_in_isr
 .text.z_impl_k_thread_name_set
                0x00000000000090fe        0x6 zephyr/kernel/libkernel.a(thread.c.obj)
                0x00000000000090fe                z_impl_k_thread_name_set
 .text.k_thread_name_get
                0x0000000000009104        0x4 zephyr/kernel/libkernel.a(thread.c.obj)
                0x0000000000009104                k_thread_name_get
 .text.z_impl_k_thread_start
                0x0000000000009108        0x4 zephyr/kernel/libkernel.a(thread.c.obj)
                0x0000000000009108                z_impl_k_thread_start
 .text.idle     0x000000000000910c       0x18 zephyr/kernel/libkernel.a(idle.c.obj)
                0x000000000000910c                idle
 .text.adjust_owner_prio.isra.0
                0x0000000000009124       0x10 zephyr/kernel/libkernel.a(mutex.c.obj)
 .text.z_impl_k_mutex_init
                0x0000000000009134        0xe zephyr/kernel/libkernel.a(mutex.c.obj)
                0x0000000000009134                z_impl_k_mutex_init
 .text.z_impl_k_sem_init
                0x0000000000009142       0x18 zephyr/kernel/libkernel.a(sem.c.obj)
                0x0000000000009142                z_impl_k_sem_init
 .text.flag_test_and_clear
                0x000000000000915a       0x16 zephyr/kernel/libkernel.a(work.c.obj)
 .text.unschedule_locked
                0x0000000000009170       0x1e zephyr/kernel/libkernel.a(work.c.obj)
 .text.notify_queue_locked.isra.0
                0x000000000000918e        0xe zephyr/kernel/libkernel.a(work.c.obj)
 .text.work_timeout
                0x000000000000919c       0x3e zephyr/kernel/libkernel.a(work.c.obj)
 .text.sys_dlist_remove
                0x00000000000091da       0x10 zephyr/kernel/libkernel.a(sched.c.obj)
 .text.unpend_thread_no_timeout
                0x00000000000091ea       0x14 zephyr/kernel/libkernel.a(sched.c.obj)
 .text.add_to_waitq_locked
                0x00000000000091fe       0x50 zephyr/kernel/libkernel.a(sched.c.obj)
 .text.z_ready_thread
                0x000000000000924e       0x20 zephyr/kernel/libkernel.a(sched.c.obj)
                0x000000000000924e                z_ready_thread
 .text.z_unpend_thread_no_timeout
                0x000000000000926e       0x24 zephyr/kernel/libkernel.a(sched.c.obj)
                0x000000000000926e                z_unpend_thread_no_timeout
 .text.z_sched_wake_thread
                0x0000000000009292       0x44 zephyr/kernel/libkernel.a(sched.c.obj)
                0x0000000000009292                z_sched_wake_thread
 .text.z_thread_timeout
                0x00000000000092d6        0x8 zephyr/kernel/libkernel.a(sched.c.obj)
                0x00000000000092d6                z_thread_timeout
 .text.z_unpend1_no_timeout
                0x00000000000092de       0x2e zephyr/kernel/libkernel.a(sched.c.obj)
                0x00000000000092de                z_unpend1_no_timeout
 .text.z_unpend_first_thread
                0x000000000000930c       0x38 zephyr/kernel/libkernel.a(sched.c.obj)
                0x000000000000930c                z_unpend_first_thread
 .text.z_reschedule_irqlock
                0x0000000000009344       0x18 zephyr/kernel/libkernel.a(sched.c.obj)
                0x0000000000009344                z_reschedule_irqlock
 .text.z_reschedule_unlocked
                0x000000000000935c       0x14 zephyr/kernel/libkernel.a(sched.c.obj)
 .text.z_sched_wake
                0x0000000000009370       0x46 zephyr/kernel/libkernel.a(sched.c.obj)
                0x0000000000009370                z_sched_wake
 .text.z_abort_timeout
                0x00000000000093b6       0x2c zephyr/kernel/libkernel.a(timeout.c.obj)
                0x00000000000093b6                z_abort_timeout
 .text.sys_clock_tick_get_32
                0x00000000000093e2        0x8 zephyr/kernel/libkernel.a(timeout.c.obj)
                0x00000000000093e2                sys_clock_tick_get_32
 .text.z_impl_k_uptime_ticks
                0x00000000000093ea        0x4 zephyr/kernel/libkernel.a(timeout.c.obj)
                0x00000000000093ea                z_impl_k_uptime_ticks
 .text.k_timer_init
                0x00000000000093ee       0x18 zephyr/kernel/libkernel.a(timer.c.obj)
                0x00000000000093ee                k_timer_init
 .text.z_impl_k_timer_stop
                0x0000000000009406       0x3a zephyr/kernel/libkernel.a(timer.c.obj)
                0x0000000000009406                z_impl_k_timer_stop
 .text._OffsetAbsSyms
                0x0000000000009440        0x2 zephyr/CMakeFiles/offsets.dir/./arch/arm/core/offsets/offsets.c.obj
                0x0000000000009440                _OffsetAbsSyms
 .text.memcpy   0x0000000000009442       0x1c /opt/nordic/ncs/toolchains/20d68df7e5/opt/zephyr-sdk/arm-zephyr-eabi/bin/../lib/gcc/../../picolibc/arm-zephyr-eabi/lib/thumb/v7e-m/nofp/libc.a(memcpy.c.o)
                0x0000000000009442                memcpy
                0x0000000000009442                __aeabi_memcpy
                0x0000000000009442                __aeabi_memcpy4
                0x0000000000009442                __aeabi_memcpy8
 .text.memset   0x000000000000945e       0x10 /opt/nordic/ncs/toolchains/20d68df7e5/opt/zephyr-sdk/arm-zephyr-eabi/bin/../lib/gcc/../../picolibc/arm-zephyr-eabi/lib/thumb/v7e-m/nofp/libc.a(memset.c.o)
                0x000000000000945e                memset
 .text.strnlen  0x000000000000946e       0x18 /opt/nordic/ncs/toolchains/20d68df7e5/opt/zephyr-sdk/arm-zephyr-eabi/bin/../lib/gcc/../../picolibc/arm-zephyr-eabi/lib/thumb/v7e-m/nofp/libc.a(libc_string_strnlen.c.o)
                0x000000000000946e                strnlen
 .text.__ultoa_invert
                0x0000000000009486       0x38 /opt/nordic/ncs/toolchains/20d68df7e5/opt/zephyr-sdk/arm-zephyr-eabi/bin/../lib/gcc/../../picolibc/arm-zephyr-eabi/lib/thumb/v7e-m/nofp/libc.a(libc_tinystdio_vfiprintf.c.o)
 .text.__file_str_put
                0x00000000000094be       0x10 /opt/nordic/ncs/toolchains/20d68df7e5/opt/zephyr-sdk/arm-zephyr-eabi/bin/../lib/gcc/../../picolibc/arm-zephyr-eabi/lib/thumb/v7e-m/nofp/libc.a(libc_tinystdio_filestrput.c.o)
                0x00000000000094be                __file_str_put
 *(SORT_BY_ALIGNMENT(.TEXT.*))
 *fill*         0x00000000000094ce        0x2 
 .TEXT.__aeabi_read_tp
                0x00000000000094d0        0xc zephyr/arch/arch/arm/core/aarch32/cortex_m/libarch__arm__core__aarch32__cortex_m.a(__aeabi_read_tp.S.obj)
                0x00000000000094d0                __aeabi_read_tp
 *(SORT_BY_ALIGNMENT(.gnu.linkonce.t.*))
 *(SORT_BY_ALIGNMENT(.glue_7t))
 .glue_7t       0x00000000000094dc        0x0 linker stubs
 *(SORT_BY_ALIGNMENT(.glue_7))
 .glue_7        0x00000000000094dc        0x0 linker stubs
 *(SORT_BY_ALIGNMENT(.vfp11_veneer))
 .vfp11_veneer  0x00000000000094dc        0x0 linker stubs
 *(SORT_BY_ALIGNMENT(.v4_bx))
 .v4_bx         0x00000000000094dc        0x0 linker stubs
                0x00000000000094dc                . = ALIGN (0x4)
                0x00000000000094dc                __text_region_end = .

.ARM.exidx      0x00000000000094dc        0x8
                0x00000000000094dc                __exidx_start = .
 *(SORT_BY_ALIGNMENT(.ARM.exidx*) SORT_BY_ALIGNMENT(gnu.linkonce.armexidx.*))
 .ARM.exidx     0x00000000000094dc        0x8 /opt/nordic/ncs/toolchains/20d68df7e5/opt/zephyr-sdk/arm-zephyr-eabi/bin/../lib/gcc/arm-zephyr-eabi/12.2.0/thumb/v7e-m/nofp/libgcc.a(_udivmoddi4.o)
                0x00000000000094e4                __exidx_end = .
                0x00000000000094e4                __rodata_region_start = .

initlevel       0x00000000000094e4       0xa0
                0x00000000000094e4                __init_start = .
                0x00000000000094e4                __init_EARLY_start = .
 *(SORT_BY_NAME(SORT_BY_ALIGNMENT(.z_init_EARLY?_*)))
 *(SORT_BY_NAME(SORT_BY_ALIGNMENT(.z_init_EARLY??_*)))
                0x00000000000094e4                __init_PRE_KERNEL_1_start = .
 *(SORT_BY_NAME(SORT_BY_ALIGNMENT(.z_init_PRE_KERNEL_1?_*)))
 .z_init_PRE_KERNEL_10_0_
                0x00000000000094e4        0x8 zephyr/soc/soc/arm/nordic_nrf/nrf52/libsoc__arm__nordic_nrf__nrf52.a(soc.c.obj)
 *(SORT_BY_NAME(SORT_BY_ALIGNMENT(.z_init_PRE_KERNEL_1??_*)))
 .z_init_PRE_KERNEL_130_00076_
                0x00000000000094ec        0x8 zephyr/drivers/clock_control/libdrivers__clock_control.a(clock_control_nrf.c.obj)
 .z_init_PRE_KERNEL_130_0_
                0x00000000000094f4        0x8 modules/segger/libmodules__segger.a(SEGGER_RTT_zephyr.c.obj)
 .z_init_PRE_KERNEL_130_0_
                0x00000000000094fc        0x8 zephyr/kernel/libkernel.a(mem_slab.c.obj)
 .z_init_PRE_KERNEL_140_00011_
                0x0000000000009504        0x8 zephyr/drivers/gpio/libdrivers__gpio.a(gpio_nrfx.c.obj)
 .z_init_PRE_KERNEL_140_00105_
                0x000000000000950c        0x8 zephyr/drivers/gpio/libdrivers__gpio.a(gpio_nrfx.c.obj)
 .z_init_PRE_KERNEL_140_0_
                0x0000000000009514        0x8 modules/nrf/drivers/hw_cc310/lib..__nrf__drivers__hw_cc310.a(hw_cc310.c.obj)
 .z_init_PRE_KERNEL_155_00113_
                0x000000000000951c        0x8 zephyr/drivers/serial/libdrivers__serial.a(uart_nrfx_uarte.c.obj)
 .z_init_PRE_KERNEL_160_0_
                0x0000000000009524        0x8 zephyr/drivers/console/libdrivers__console.a(uart_console.c.obj)
                0x000000000000952c                __init_PRE_KERNEL_2_start = .
 *(SORT_BY_NAME(SORT_BY_ALIGNMENT(.z_init_PRE_KERNEL_2?_*)))
 .z_init_PRE_KERNEL_20_0_
                0x000000000000952c        0x8 zephyr/drivers/timer/libdrivers__timer.a(nrf_rtc_timer.c.obj)
 *(SORT_BY_NAME(SORT_BY_ALIGNMENT(.z_init_PRE_KERNEL_2??_*)))
                0x0000000000009534                __init_POST_KERNEL_start = .
 *(SORT_BY_NAME(SORT_BY_ALIGNMENT(.z_init_POST_KERNEL?_*)))
 .z_init_POST_KERNEL0_0_
                0x0000000000009534        0x8 zephyr/libzephyr.a(log_core.c.obj)
 *(SORT_BY_NAME(SORT_BY_ALIGNMENT(.z_init_POST_KERNEL??_*)))
 .z_init_POST_KERNEL40_0_
                0x000000000000953c        0x8 zephyr/lib/libc/common/liblib__libc__common.a(malloc.c.obj)
 .z_init_POST_KERNEL40_0_
                0x0000000000009544        0x8 modules/nrf/drivers/hw_cc310/lib..__nrf__drivers__hw_cc310.a(hw_cc310.c.obj)
 .z_init_POST_KERNEL40_0_
                0x000000000000954c        0x8 zephyr/kernel/libkernel.a(system_work_q.c.obj)
 .z_init_POST_KERNEL50_00127_
                0x0000000000009554        0x8 zephyr/drivers/i2c/libdrivers__i2c.a(i2c_nrfx_twi.c.obj)
 .z_init_POST_KERNEL90_00019_
                0x000000000000955c        0x8 zephyr/drivers/led/libdrivers__led.a(led_gpio.c.obj)
 .z_init_POST_KERNEL90_00097_
                0x0000000000009564        0x8 zephyr/drivers/sensor/qdec_nrfx/libdrivers__sensor__qdec_nrfx.a(qdec_nrfx.c.obj)
 .z_init_POST_KERNEL90_00107_
                0x000000000000956c        0x8 zephyr/drivers/sensor/nrf5/libdrivers__sensor__nrf5.a(temp_nrf5.c.obj)
 .z_init_POST_KERNEL90_00128_
                0x0000000000009574        0x8 zephyr/drivers/led/libdrivers__led.a(ht16k33.c.obj)
 .z_init_POST_KERNEL95_00129_
                0x000000000000957c        0x8 zephyr/drivers/kscan/libdrivers__kscan.a(kscan_ht16k33.c.obj)
                0x0000000000009584                __init_APPLICATION_start = .
 *(SORT_BY_NAME(SORT_BY_ALIGNMENT(.z_init_APPLICATION?_*)))
 *(SORT_BY_NAME(SORT_BY_ALIGNMENT(.z_init_APPLICATION??_*)))
                0x0000000000009584                __init_SMP_start = .
 *(SORT_BY_NAME(SORT_BY_ALIGNMENT(.z_init_SMP?_*)))
 *(SORT_BY_NAME(SORT_BY_ALIGNMENT(.z_init_SMP??_*)))
                0x0000000000009584                __init_end = .

device_area     0x0000000000009584       0xc8
                0x0000000000009584                _device_list_start = .
 *(SORT_BY_NAME(SORT_BY_ALIGNMENT(._device.static.*_?_*)))
 *(SORT_BY_NAME(SORT_BY_ALIGNMENT(._device.static.*_??_*)))
 ._device.static.1_30_
                0x0000000000009584       0x14 zephyr/drivers/clock_control/libdrivers__clock_control.a(clock_control_nrf.c.obj)
                0x0000000000009584                __device_dts_ord_76
 ._device.static.1_40_
                0x0000000000009598       0x28 zephyr/drivers/gpio/libdrivers__gpio.a(gpio_nrfx.c.obj)
                0x0000000000009598                __device_dts_ord_105
                0x00000000000095ac                __device_dts_ord_11
 ._device.static.1_55_
                0x00000000000095c0       0x14 zephyr/drivers/serial/libdrivers__serial.a(uart_nrfx_uarte.c.obj)
                0x00000000000095c0                __device_dts_ord_113
 ._device.static.3_50_
                0x00000000000095d4       0x14 zephyr/drivers/i2c/libdrivers__i2c.a(i2c_nrfx_twi.c.obj)
                0x00000000000095d4                __device_dts_ord_127
 ._device.static.3_90_
                0x00000000000095e8       0x14 zephyr/drivers/led/libdrivers__led.a(ht16k33.c.obj)
                0x00000000000095e8                __device_dts_ord_128
 ._device.static.3_90_
                0x00000000000095fc       0x14 zephyr/drivers/led/libdrivers__led.a(led_gpio.c.obj)
                0x00000000000095fc                __device_dts_ord_19
 ._device.static.3_90_
                0x0000000000009610       0x14 zephyr/drivers/sensor/qdec_nrfx/libdrivers__sensor__qdec_nrfx.a(qdec_nrfx.c.obj)
                0x0000000000009610                __device_dts_ord_97
 ._device.static.3_90_
                0x0000000000009624       0x14 zephyr/drivers/sensor/nrf5/libdrivers__sensor__nrf5.a(temp_nrf5.c.obj)
                0x0000000000009624                __device_dts_ord_107
 ._device.static.3_95_
                0x0000000000009638       0x14 zephyr/drivers/kscan/libdrivers__kscan.a(kscan_ht16k33.c.obj)
                0x0000000000009638                __device_dts_ord_129
                0x000000000000964c                _device_list_end = .

sw_isr_table    0x000000000000964c      0x180
                0x000000000000964c                . = ALIGN (0x4)
 *(SORT_BY_ALIGNMENT(.gnu.linkonce.sw_isr_table*))
 .gnu.linkonce.sw_isr_table
                0x000000000000964c      0x180 zephyr/arch/common/libisr_tables.a(isr_tables.c.obj)
                0x000000000000964c                _sw_isr_table

initlevel_error
                0x00000000000094e4        0x0
 *(SORT_BY_NAME(SORT_BY_ALIGNMENT(.z_init_[_A-Z0-9]*)))
                0x0000000000000001                ASSERT ((SIZEOF (initlevel_error) == 0x0), Undefined initialization levels used.)

app_shmem_regions
                0x00000000000097cc        0x0
                0x00000000000097cc                __app_shmem_regions_start = .
 *(SORT_BY_NAME(SORT_BY_ALIGNMENT(.app_regions.*)))
                0x00000000000097cc                __app_shmem_regions_end = .

k_p4wq_initparam_area
                0x00000000000097cc        0x0
                0x00000000000097cc                _k_p4wq_initparam_list_start = .
 *(SORT_BY_NAME(SORT_BY_ALIGNMENT(._k_p4wq_initparam.static.*)))
                0x00000000000097cc                _k_p4wq_initparam_list_end = .

_static_thread_data_area
                0x00000000000097cc        0x0
                0x00000000000097cc                __static_thread_data_list_start = .
 *(SORT_BY_NAME(SORT_BY_ALIGNMENT(.__static_thread_data.static.*)))
                0x00000000000097cc                __static_thread_data_list_end = .

device_deps     0x00000000000097cc        0x0
                0x00000000000097cc                __device_deps_start = .
 *(SORT_BY_NAME(SORT_BY_ALIGNMENT(.__device_deps_pass2*)))
                0x00000000000097cc                __device_deps_end = .

ztest           0x00000000000097cc        0x0
                0x00000000000097cc                _ztest_expected_result_entry_list_start = .
 *(SORT_BY_NAME(SORT_BY_ALIGNMENT(._ztest_expected_result_entry.static.*)))
                0x00000000000097cc                _ztest_expected_result_entry_list_end = .
                0x00000000000097cc                _ztest_suite_node_list_start = .
 *(SORT_BY_NAME(SORT_BY_ALIGNMENT(._ztest_suite_node.static.*)))
                0x00000000000097cc                _ztest_suite_node_list_end = .
                0x00000000000097cc                _ztest_unit_test_list_start = .
 *(SORT_BY_NAME(SORT_BY_ALIGNMENT(._ztest_unit_test.static.*)))
                0x00000000000097cc                _ztest_unit_test_list_end = .
                0x00000000000097cc                _ztest_test_rule_list_start = .
 *(SORT_BY_NAME(SORT_BY_ALIGNMENT(._ztest_test_rule.static.*)))
                0x00000000000097cc                _ztest_test_rule_list_end = .

bt_l2cap_fixed_chan_area
                0x00000000000097cc        0x0
                0x00000000000097cc                _bt_l2cap_fixed_chan_list_start = .
 *(SORT_BY_NAME(SORT_BY_ALIGNMENT(._bt_l2cap_fixed_chan.static.*)))
                0x00000000000097cc                _bt_l2cap_fixed_chan_list_end = .

bt_gatt_service_static_area
                0x00000000000097cc        0x0
                0x00000000000097cc                _bt_gatt_service_static_list_start = .
 *(SORT_BY_NAME(SORT_BY_ALIGNMENT(._bt_gatt_service_static.static.*)))
                0x00000000000097cc                _bt_gatt_service_static_list_end = .

log_strings_area
                0x00000000000097cc        0x0
                0x00000000000097cc                _log_strings_list_start = .
 *(SORT_BY_NAME(SORT_BY_ALIGNMENT(._log_strings.static.*)))
                0x00000000000097cc                _log_strings_list_end = .

log_const_area  0x00000000000097cc       0xb8
                0x00000000000097cc                _log_const_list_start = .
 *(SORT_BY_NAME(SORT_BY_ALIGNMENT(._log_const.static.*)))
 ._log_const.static.log_const_NRFX_CLOCK_
                0x00000000000097cc        0x8 modules/hal_nordic/nrfx/libmodules__hal_nordic__nrfx.a(nrfx_clock.c.obj)
                0x00000000000097cc                log_const_NRFX_CLOCK
 ._log_const.static.log_const_NRFX_GPIOTE_
                0x00000000000097d4        0x8 modules/hal_nordic/nrfx/libmodules__hal_nordic__nrfx.a(nrfx_gpiote.c.obj)
                0x00000000000097d4                log_const_NRFX_GPIOTE
 ._log_const.static.log_const_NRFX_PPI_